Copyright 1986-2022 Xilinx, Inc. All Rights Reserved. Copyright 2022-2025 Advanced Micro Devices, Inc. All Rights Reserved.
---------------------------------------------------------------------------------------------------------------------------------------------
| Tool Version : Vivado v.2025.1 (win64) Build 6140274 Thu May 22 00:12:29 MDT 2025
| Date         : Mon Oct 13 17:39:05 2025
| Host         : TUF15 running 64-bit major release  (build 9200)
| Command      : report_utilization -hierarchical -hierarchical_depth 8 -file ./report/fmm_reduce_kernel_utilization_hierarchical_synth.rpt
| Design       : bd_0_wrapper
| Device       : xc7z020clg400-3
| Speed File   : -3
| Design State : Synthesized
---------------------------------------------------------------------------------------------------------------------------------------------

Utilization Design Information

Table of Contents
-----------------
1. Utilization by Hierarchy

1. Utilization by Hierarchy
---------------------------

+------------------------------------------------------------------------------------------------------------+------------------------------------------------------------------------------------------------------------------+------------+------------+---------+------+-------+--------+--------+------------+
|                                                  Instance                                                  |                                                      Module                                                      | Total LUTs | Logic LUTs | LUTRAMs | SRLs |  FFs  | RAMB36 | RAMB18 | DSP Blocks |
+------------------------------------------------------------------------------------------------------------+------------------------------------------------------------------------------------------------------------------+------------+------------+---------+------+-------+--------+--------+------------+
| bd_0_wrapper                                                                                               |                                                                                                            (top) |      11960 |      11317 |       0 |  643 | 11530 |    128 |      1 |         39 |
|   bd_0_i                                                                                                   |                                                                                                             bd_0 |      11960 |      11317 |       0 |  643 | 11530 |    128 |      1 |         39 |
|     hls_inst                                                                                               |                                                                                                  bd_0_hls_inst_0 |      11960 |      11317 |       0 |  643 | 11530 |    128 |      1 |         39 |
|       inst                                                                                                 |                                                                                bd_0_hls_inst_0_fmm_reduce_kernel |      11960 |      11317 |       0 |  643 | 11530 |    128 |      1 |         39 |
|         rows_c_U                                                                                           |                                                                bd_0_hls_inst_0_fmm_reduce_kernel_fifo_w32_d2_S_3 |         23 |         23 |       0 |    0 |    70 |      0 |      0 |          0 |
|           U_fmm_reduce_kernel_fifo_w32_d2_S_ShiftReg                                                       |                                                         bd_0_hls_inst_0_fmm_reduce_kernel_fifo_w32_d2_S_ShiftReg |         17 |         17 |       0 |    0 |    64 |      0 |      0 |          0 |
|         A_dram_c_U                                                                                         |                                                                  bd_0_hls_inst_0_fmm_reduce_kernel_fifo_w64_d3_S |         71 |          8 |       0 |   63 |     7 |      0 |      0 |          0 |
|           U_fmm_reduce_kernel_fifo_w64_d3_S_ShiftReg                                                       |                                                      bd_0_hls_inst_0_fmm_reduce_kernel_fifo_w64_d3_S_ShiftReg_44 |         63 |          0 |       0 |   63 |     0 |      0 |      0 |          0 |
|         Block_entry_proc_1_U0                                                                              |                                                             bd_0_hls_inst_0_fmm_reduce_kernel_Block_entry_proc_1 |        118 |        118 |       0 |    0 |    38 |      0 |      0 |          4 |
|           mul_32s_32s_64_1_1_U11                                                                           |                                                             bd_0_hls_inst_0_fmm_reduce_kernel_mul_32s_32s_64_1_1 |         92 |         92 |       0 |    0 |     0 |      0 |      0 |          2 |
|         Block_entry_proc_U0                                                                                |                                                               bd_0_hls_inst_0_fmm_reduce_kernel_Block_entry_proc |       9036 |       9013 |       0 |   23 |  8004 |    128 |      0 |         35 |
|           (Block_entry_proc_U0)                                                                            |                                                               bd_0_hls_inst_0_fmm_reduce_kernel_Block_entry_proc |         13 |         13 |       0 |    0 |   467 |      0 |      0 |          0 |
|           M_e_U                                                                                            |                                             bd_0_hls_inst_0_fmm_reduce_kernel_Block_entry_proc_M_e_RAM_AUTO_1R1W |        516 |        516 |       0 |    0 |     3 |    128 |      0 |          0 |
|           grp_greedy_potential_reduce_with_debug_fu_198                                                    |                                             bd_0_hls_inst_0_fmm_reduce_kernel_greedy_potential_reduce_with_debug |       7373 |       7373 |       0 |    0 |  6672 |      0 |      0 |         19 |
|             (grp_greedy_potential_reduce_with_debug_fu_198)                                                |                                             bd_0_hls_inst_0_fmm_reduce_kernel_greedy_potential_reduce_with_debug |       2606 |       2606 |       0 |    0 |  3929 |      0 |      0 |          2 |
|             grp_greedy_potential_reduce_with_debug_Pipeline_VITIS_LOOP_103_1_VITIS_LOOP_92_111_fu_1055     | bd_0_hls_inst_0_fmm_reduce_kernel_greedy_potential_reduce_with_debug_Pipeline_VITIS_LOOP_103_1_VITIS_LOOP_92_111 |        348 |        348 |       0 |    0 |   196 |      0 |      0 |          0 |
|               (grp_greedy_potential_reduce_with_debug_Pipeline_VITIS_LOOP_103_1_VITIS_LOOP_92_111_fu_1055) | bd_0_hls_inst_0_fmm_reduce_kernel_greedy_potential_reduce_with_debug_Pipeline_VITIS_LOOP_103_1_VITIS_LOOP_92_111 |        215 |        215 |       0 |    0 |   194 |      0 |      0 |          0 |
|               flow_control_loop_pipe_sequential_init_U                                                     |                                      bd_0_hls_inst_0_fmm_reduce_kernel_flow_control_loop_pipe_sequential_init_43 |        133 |        133 |       0 |    0 |     2 |      0 |      0 |          0 |
|             grp_greedy_potential_reduce_with_debug_Pipeline_VITIS_LOOP_103_1_VITIS_LOOP_92_1_fu_895        |   bd_0_hls_inst_0_fmm_reduce_kernel_greedy_potential_reduce_with_debug_Pipeline_VITIS_LOOP_103_1_VITIS_LOOP_92_1 |        406 |        406 |       0 |    0 |   196 |      0 |      0 |          0 |
|               (grp_greedy_potential_reduce_with_debug_Pipeline_VITIS_LOOP_103_1_VITIS_LOOP_92_1_fu_895)    |   bd_0_hls_inst_0_fmm_reduce_kernel_greedy_potential_reduce_with_debug_Pipeline_VITIS_LOOP_103_1_VITIS_LOOP_92_1 |        214 |        214 |       0 |    0 |   194 |      0 |      0 |          0 |
|               flow_control_loop_pipe_sequential_init_U                                                     |                                      bd_0_hls_inst_0_fmm_reduce_kernel_flow_control_loop_pipe_sequential_init_42 |        192 |        192 |       0 |    0 |     2 |      0 |      0 |          0 |
|             grp_greedy_potential_reduce_with_debug_Pipeline_VITIS_LOOP_115_13_fu_915                       |                  bd_0_hls_inst_0_fmm_reduce_kernel_greedy_potential_reduce_with_debug_Pipeline_VITIS_LOOP_115_13 |        231 |        231 |       0 |    0 |    66 |      0 |      0 |          0 |
|               (grp_greedy_potential_reduce_with_debug_Pipeline_VITIS_LOOP_115_13_fu_915)                   |                  bd_0_hls_inst_0_fmm_reduce_kernel_greedy_potential_reduce_with_debug_Pipeline_VITIS_LOOP_115_13 |        116 |        116 |       0 |    0 |    64 |      0 |      0 |          0 |
|               flow_control_loop_pipe_sequential_init_U                                                     |                                      bd_0_hls_inst_0_fmm_reduce_kernel_flow_control_loop_pipe_sequential_init_41 |        115 |        115 |       0 |    0 |     2 |      0 |      0 |          0 |
|             grp_greedy_potential_reduce_with_debug_Pipeline_VITIS_LOOP_115_14_fu_979                       |                  bd_0_hls_inst_0_fmm_reduce_kernel_greedy_potential_reduce_with_debug_Pipeline_VITIS_LOOP_115_14 |        196 |        196 |       0 |    0 |   117 |      0 |      0 |          0 |
|               (grp_greedy_potential_reduce_with_debug_Pipeline_VITIS_LOOP_115_14_fu_979)                   |                  bd_0_hls_inst_0_fmm_reduce_kernel_greedy_potential_reduce_with_debug_Pipeline_VITIS_LOOP_115_14 |         96 |         96 |       0 |    0 |   115 |      0 |      0 |          0 |
|               flow_control_loop_pipe_sequential_init_U                                                     |                                      bd_0_hls_inst_0_fmm_reduce_kernel_flow_control_loop_pipe_sequential_init_40 |        100 |        100 |       0 |    0 |     2 |      0 |      0 |          0 |
|             grp_greedy_potential_reduce_with_debug_Pipeline_VITIS_LOOP_115_1_fu_904                        |                   bd_0_hls_inst_0_fmm_reduce_kernel_greedy_potential_reduce_with_debug_Pipeline_VITIS_LOOP_115_1 |        491 |        491 |       0 |    0 |   149 |      0 |      0 |          0 |
|               (grp_greedy_potential_reduce_with_debug_Pipeline_VITIS_LOOP_115_1_fu_904)                    |                   bd_0_hls_inst_0_fmm_reduce_kernel_greedy_potential_reduce_with_debug_Pipeline_VITIS_LOOP_115_1 |        381 |        381 |       0 |    0 |   147 |      0 |      0 |          0 |
|               flow_control_loop_pipe_sequential_init_U                                                     |                                      bd_0_hls_inst_0_fmm_reduce_kernel_flow_control_loop_pipe_sequential_init_39 |        110 |        110 |       0 |    0 |     2 |      0 |      0 |          0 |
|             grp_greedy_potential_reduce_with_debug_Pipeline_VITIS_LOOP_135_110_fu_1043                     |                 bd_0_hls_inst_0_fmm_reduce_kernel_greedy_potential_reduce_with_debug_Pipeline_VITIS_LOOP_135_110 |        365 |        365 |       0 |    0 |   184 |      0 |      0 |          0 |
|               (grp_greedy_potential_reduce_with_debug_Pipeline_VITIS_LOOP_135_110_fu_1043)                 |                 bd_0_hls_inst_0_fmm_reduce_kernel_greedy_potential_reduce_with_debug_Pipeline_VITIS_LOOP_135_110 |         68 |         68 |       0 |    0 |   182 |      0 |      0 |          0 |
|               flow_control_loop_pipe_sequential_init_U                                                     |                                      bd_0_hls_inst_0_fmm_reduce_kernel_flow_control_loop_pipe_sequential_init_38 |        297 |        297 |       0 |    0 |     2 |      0 |      0 |          0 |
|             grp_greedy_potential_reduce_with_debug_Pipeline_VITIS_LOOP_135_15_fu_989                       |                  bd_0_hls_inst_0_fmm_reduce_kernel_greedy_potential_reduce_with_debug_Pipeline_VITIS_LOOP_135_15 |        189 |        189 |       0 |    0 |   183 |      0 |      0 |          0 |
|               (grp_greedy_potential_reduce_with_debug_Pipeline_VITIS_LOOP_135_15_fu_989)                   |                  bd_0_hls_inst_0_fmm_reduce_kernel_greedy_potential_reduce_with_debug_Pipeline_VITIS_LOOP_135_15 |         81 |         81 |       0 |    0 |   181 |      0 |      0 |          0 |
|               flow_control_loop_pipe_sequential_init_U                                                     |                                      bd_0_hls_inst_0_fmm_reduce_kernel_flow_control_loop_pipe_sequential_init_37 |        108 |        108 |       0 |    0 |     2 |      0 |      0 |          0 |
|             grp_greedy_potential_reduce_with_debug_Pipeline_VITIS_LOOP_135_1_fu_925                        |                   bd_0_hls_inst_0_fmm_reduce_kernel_greedy_potential_reduce_with_debug_Pipeline_VITIS_LOOP_135_1 |        272 |        272 |       0 |    0 |   142 |      0 |      0 |          0 |
|               (grp_greedy_potential_reduce_with_debug_Pipeline_VITIS_LOOP_135_1_fu_925)                    |                   bd_0_hls_inst_0_fmm_reduce_kernel_greedy_potential_reduce_with_debug_Pipeline_VITIS_LOOP_135_1 |        135 |        135 |       0 |    0 |   140 |      0 |      0 |          0 |
|               flow_control_loop_pipe_sequential_init_U                                                     |                                      bd_0_hls_inst_0_fmm_reduce_kernel_flow_control_loop_pipe_sequential_init_36 |        137 |        137 |       0 |    0 |     2 |      0 |      0 |          0 |
|             grp_greedy_potential_reduce_with_debug_Pipeline_VITIS_LOOP_157_17_fu_1012                      |                  bd_0_hls_inst_0_fmm_reduce_kernel_greedy_potential_reduce_with_debug_Pipeline_VITIS_LOOP_157_17 |        226 |        226 |       0 |    0 |   130 |      0 |      0 |          0 |
|               (grp_greedy_potential_reduce_with_debug_Pipeline_VITIS_LOOP_157_17_fu_1012)                  |                  bd_0_hls_inst_0_fmm_reduce_kernel_greedy_potential_reduce_with_debug_Pipeline_VITIS_LOOP_157_17 |        128 |        128 |       0 |    0 |   128 |      0 |      0 |          0 |
|               flow_control_loop_pipe_sequential_init_U                                                     |                                      bd_0_hls_inst_0_fmm_reduce_kernel_flow_control_loop_pipe_sequential_init_35 |         98 |         98 |       0 |    0 |     2 |      0 |      0 |          0 |
|             grp_greedy_potential_reduce_with_debug_Pipeline_VITIS_LOOP_157_1_fu_948                        |                   bd_0_hls_inst_0_fmm_reduce_kernel_greedy_potential_reduce_with_debug_Pipeline_VITIS_LOOP_157_1 |        272 |        272 |       0 |    0 |   130 |      0 |      0 |          0 |
|               (grp_greedy_potential_reduce_with_debug_Pipeline_VITIS_LOOP_157_1_fu_948)                    |                   bd_0_hls_inst_0_fmm_reduce_kernel_greedy_potential_reduce_with_debug_Pipeline_VITIS_LOOP_157_1 |        186 |        186 |       0 |    0 |   128 |      0 |      0 |          0 |
|               flow_control_loop_pipe_sequential_init_U                                                     |                                      bd_0_hls_inst_0_fmm_reduce_kernel_flow_control_loop_pipe_sequential_init_34 |         86 |         86 |       0 |    0 |     2 |      0 |      0 |          0 |
|             grp_greedy_potential_reduce_with_debug_Pipeline_VITIS_LOOP_163_28_fu_1021                      |                  bd_0_hls_inst_0_fmm_reduce_kernel_greedy_potential_reduce_with_debug_Pipeline_VITIS_LOOP_163_28 |        119 |        119 |       0 |    0 |   168 |      0 |      0 |          0 |
|               (grp_greedy_potential_reduce_with_debug_Pipeline_VITIS_LOOP_163_28_fu_1021)                  |                  bd_0_hls_inst_0_fmm_reduce_kernel_greedy_potential_reduce_with_debug_Pipeline_VITIS_LOOP_163_28 |         19 |         19 |       0 |    0 |   166 |      0 |      0 |          0 |
|               flow_control_loop_pipe_sequential_init_U                                                     |                                      bd_0_hls_inst_0_fmm_reduce_kernel_flow_control_loop_pipe_sequential_init_33 |        100 |        100 |       0 |    0 |     2 |      0 |      0 |          0 |
|             grp_greedy_potential_reduce_with_debug_Pipeline_VITIS_LOOP_163_2_fu_957                        |                   bd_0_hls_inst_0_fmm_reduce_kernel_greedy_potential_reduce_with_debug_Pipeline_VITIS_LOOP_163_2 |        119 |        119 |       0 |    0 |   168 |      0 |      0 |          0 |
|               (grp_greedy_potential_reduce_with_debug_Pipeline_VITIS_LOOP_163_2_fu_957)                    |                   bd_0_hls_inst_0_fmm_reduce_kernel_greedy_potential_reduce_with_debug_Pipeline_VITIS_LOOP_163_2 |         19 |         19 |       0 |    0 |   166 |      0 |      0 |          0 |
|               flow_control_loop_pipe_sequential_init_U                                                     |                                      bd_0_hls_inst_0_fmm_reduce_kernel_flow_control_loop_pipe_sequential_init_32 |        100 |        100 |       0 |    0 |     2 |      0 |      0 |          0 |
|             grp_greedy_potential_reduce_with_debug_Pipeline_VITIS_LOOP_174_39_fu_1032                      |                  bd_0_hls_inst_0_fmm_reduce_kernel_greedy_potential_reduce_with_debug_Pipeline_VITIS_LOOP_174_39 |        295 |        295 |       0 |    0 |   151 |      0 |      0 |          0 |
|               (grp_greedy_potential_reduce_with_debug_Pipeline_VITIS_LOOP_174_39_fu_1032)                  |                  bd_0_hls_inst_0_fmm_reduce_kernel_greedy_potential_reduce_with_debug_Pipeline_VITIS_LOOP_174_39 |        188 |        188 |       0 |    0 |   149 |      0 |      0 |          0 |
|               flow_control_loop_pipe_sequential_init_U                                                     |                                      bd_0_hls_inst_0_fmm_reduce_kernel_flow_control_loop_pipe_sequential_init_31 |        107 |        107 |       0 |    0 |     2 |      0 |      0 |          0 |
|             grp_greedy_potential_reduce_with_debug_Pipeline_VITIS_LOOP_174_3_fu_968                        |                   bd_0_hls_inst_0_fmm_reduce_kernel_greedy_potential_reduce_with_debug_Pipeline_VITIS_LOOP_174_3 |        225 |        225 |       0 |    0 |   151 |      0 |      0 |          0 |
|               (grp_greedy_potential_reduce_with_debug_Pipeline_VITIS_LOOP_174_3_fu_968)                    |                   bd_0_hls_inst_0_fmm_reduce_kernel_greedy_potential_reduce_with_debug_Pipeline_VITIS_LOOP_174_3 |        119 |        119 |       0 |    0 |   149 |      0 |      0 |          0 |
|               flow_control_loop_pipe_sequential_init_U                                                     |                                      bd_0_hls_inst_0_fmm_reduce_kernel_flow_control_loop_pipe_sequential_init_30 |        106 |        106 |       0 |    0 |     2 |      0 |      0 |          0 |
|             grp_greedy_potential_reduce_with_debug_Pipeline_VITIS_LOOP_192_2_VITIS_LOOP_115_16_fu_999      | bd_0_hls_inst_0_fmm_reduce_kernel_greedy_potential_reduce_with_debug_Pipeline_VITIS_LOOP_192_2_VITIS_LOOP_115_16 |        370 |        370 |       0 |    0 |   272 |      0 |      0 |          0 |
|               (grp_greedy_potential_reduce_with_debug_Pipeline_VITIS_LOOP_192_2_VITIS_LOOP_115_16_fu_999)  | bd_0_hls_inst_0_fmm_reduce_kernel_greedy_potential_reduce_with_debug_Pipeline_VITIS_LOOP_192_2_VITIS_LOOP_115_16 |        323 |        323 |       0 |    0 |   270 |      0 |      0 |          0 |
|             grp_greedy_potential_reduce_with_debug_Pipeline_VITIS_LOOP_192_2_VITIS_LOOP_115_1_fu_935       |  bd_0_hls_inst_0_fmm_reduce_kernel_greedy_potential_reduce_with_debug_Pipeline_VITIS_LOOP_192_2_VITIS_LOOP_115_1 |        343 |        343 |       0 |    0 |   272 |      0 |      0 |          0 |
|               (grp_greedy_potential_reduce_with_debug_Pipeline_VITIS_LOOP_192_2_VITIS_LOOP_115_1_fu_935)   |  bd_0_hls_inst_0_fmm_reduce_kernel_greedy_potential_reduce_with_debug_Pipeline_VITIS_LOOP_192_2_VITIS_LOOP_115_1 |        295 |        295 |       0 |    0 |   270 |      0 |      0 |          0 |
|             mul_31ns_31ns_62_1_1_U127                                                                      |                                                        bd_0_hls_inst_0_fmm_reduce_kernel_mul_31ns_31ns_62_1_1_27 |         91 |         91 |       0 |    0 |     0 |      0 |      0 |          2 |
|             mul_64ns_31ns_95_3_1_U130                                                                      |                                                           bd_0_hls_inst_0_fmm_reduce_kernel_mul_64ns_31ns_95_3_1 |        147 |        147 |       0 |    0 |    68 |      0 |      0 |          8 |
|           grp_load_matrix_from_dram_safe_fu_174                                                            |                                                     bd_0_hls_inst_0_fmm_reduce_kernel_load_matrix_from_dram_safe |        515 |        494 |       0 |   21 |   471 |      0 |      0 |          8 |
|             mul_31ns_31ns_62_1_1_U28                                                                       |                                                        bd_0_hls_inst_0_fmm_reduce_kernel_mul_31ns_31ns_62_1_1_23 |         98 |         98 |       0 |    0 |     0 |      0 |      0 |          2 |
|             grp_load_matrix_from_dram_safe_Pipeline_VITIS_LOOP_49_1_VITIS_LOOP_51_2_fu_72                  |            bd_0_hls_inst_0_fmm_reduce_kernel_load_matrix_from_dram_safe_Pipeline_VITIS_LOOP_49_1_VITIS_LOOP_51_2 |         64 |         64 |       0 |    0 |    56 |      0 |      0 |          0 |
|               (grp_load_matrix_from_dram_safe_Pipeline_VITIS_LOOP_49_1_VITIS_LOOP_51_2_fu_72)              |            bd_0_hls_inst_0_fmm_reduce_kernel_load_matrix_from_dram_safe_Pipeline_VITIS_LOOP_49_1_VITIS_LOOP_51_2 |         55 |         55 |       0 |    0 |    54 |      0 |      0 |          0 |
|             grp_load_matrix_from_dram_safe_Pipeline_VITIS_LOOP_58_3_VITIS_LOOP_59_4_fu_78                  |            bd_0_hls_inst_0_fmm_reduce_kernel_load_matrix_from_dram_safe_Pipeline_VITIS_LOOP_58_3_VITIS_LOOP_59_4 |        312 |        291 |       0 |   21 |   375 |      0 |      0 |          4 |
|               (grp_load_matrix_from_dram_safe_Pipeline_VITIS_LOOP_58_3_VITIS_LOOP_59_4_fu_78)              |            bd_0_hls_inst_0_fmm_reduce_kernel_load_matrix_from_dram_safe_Pipeline_VITIS_LOOP_58_3_VITIS_LOOP_59_4 |        201 |        180 |       0 |   21 |   373 |      0 |      0 |          2 |
|               mul_32s_31ns_62_1_1_U20                                                                      |                                                         bd_0_hls_inst_0_fmm_reduce_kernel_mul_32s_31ns_62_1_1_25 |        101 |        101 |       0 |    0 |     0 |      0 |      0 |          2 |
|           grp_store_matrix_to_dram_safe_fu_218                                                             |                                                      bd_0_hls_inst_0_fmm_reduce_kernel_store_matrix_to_dram_safe |        622 |        620 |       0 |    2 |   391 |      0 |      0 |          8 |
|             mul_31ns_31ns_62_1_1_U151                                                                      |                                                           bd_0_hls_inst_0_fmm_reduce_kernel_mul_31ns_31ns_62_1_1 |         98 |         98 |       0 |    0 |     0 |      0 |      0 |          2 |
|             grp_store_matrix_to_dram_safe_Pipeline_VITIS_LOOP_76_1_VITIS_LOOP_77_2_fu_40                   |             bd_0_hls_inst_0_fmm_reduce_kernel_store_matrix_to_dram_safe_Pipeline_VITIS_LOOP_76_1_VITIS_LOOP_77_2 |        484 |        482 |       0 |    2 |   352 |      0 |      0 |          4 |
|               (grp_store_matrix_to_dram_safe_Pipeline_VITIS_LOOP_76_1_VITIS_LOOP_77_2_fu_40)               |             bd_0_hls_inst_0_fmm_reduce_kernel_store_matrix_to_dram_safe_Pipeline_VITIS_LOOP_76_1_VITIS_LOOP_77_2 |        375 |        373 |       0 |    2 |   350 |      0 |      0 |          2 |
|               mul_32s_31ns_62_1_1_U144                                                                     |                                                            bd_0_hls_inst_0_fmm_reduce_kernel_mul_32s_31ns_62_1_1 |        101 |        101 |       0 |    0 |     0 |      0 |      0 |          2 |
|         cols_c_U                                                                                           |                                                                  bd_0_hls_inst_0_fmm_reduce_kernel_fifo_w32_d2_S |         39 |         39 |       0 |    0 |    70 |      0 |      0 |          0 |
|           U_fmm_reduce_kernel_fifo_w32_d2_S_ShiftReg                                                       |                                                      bd_0_hls_inst_0_fmm_reduce_kernel_fifo_w32_d2_S_ShiftReg_22 |         33 |         33 |       0 |    0 |    64 |      0 |      0 |          0 |
|         control_r_s_axi_U                                                                                  |                                                                bd_0_hls_inst_0_fmm_reduce_kernel_control_r_s_axi |        110 |        110 |       0 |    0 |   169 |      0 |      0 |          0 |
|         control_s_axi_U                                                                                    |                                                                  bd_0_hls_inst_0_fmm_reduce_kernel_control_s_axi |        294 |        294 |       0 |    0 |   278 |      0 |      0 |          0 |
|         debug_capacity_c_U                                                                                 |                                                                bd_0_hls_inst_0_fmm_reduce_kernel_fifo_w32_d2_S_0 |         55 |         55 |       0 |    0 |    70 |      0 |      0 |          0 |
|           U_fmm_reduce_kernel_fifo_w32_d2_S_ShiftReg                                                       |                                                      bd_0_hls_inst_0_fmm_reduce_kernel_fifo_w32_d2_S_ShiftReg_21 |         49 |         49 |       0 |    0 |    64 |      0 |      0 |          0 |
|         debug_dram_c_U                                                                                     |                                                                bd_0_hls_inst_0_fmm_reduce_kernel_fifo_w64_d3_S_1 |         71 |          8 |       0 |   63 |     7 |      0 |      0 |          0 |
|           U_fmm_reduce_kernel_fifo_w64_d3_S_ShiftReg                                                       |                                                         bd_0_hls_inst_0_fmm_reduce_kernel_fifo_w64_d3_S_ShiftReg |         63 |          0 |       0 |   63 |     0 |      0 |      0 |          0 |
|         gmem2_m_axi_U                                                                                      |                                                                    bd_0_hls_inst_0_fmm_reduce_kernel_gmem2_m_axi |        747 |        580 |       0 |  167 |  1015 |      0 |      0 |          0 |
|           bus_write                                                                                        |                                                              bd_0_hls_inst_0_fmm_reduce_kernel_gmem2_m_axi_write |        503 |        440 |       0 |   63 |   759 |      0 |      0 |          0 |
|             wreq_burst_conv                                                                                |                                                    bd_0_hls_inst_0_fmm_reduce_kernel_gmem2_m_axi_burst_converter |        292 |        292 |       0 |    0 |   460 |      0 |      0 |          0 |
|               burst_sequential                                                                             |                                                   bd_0_hls_inst_0_fmm_reduce_kernel_gmem2_m_axi_burst_sequential |        292 |        292 |       0 |    0 |   460 |      0 |      0 |          0 |
|                 (burst_sequential)                                                                         |                                                   bd_0_hls_inst_0_fmm_reduce_kernel_gmem2_m_axi_burst_sequential |        177 |        177 |       0 |    0 |   327 |      0 |      0 |          0 |
|                 rs_req                                                                                     |                                                          bd_0_hls_inst_0_fmm_reduce_kernel_gmem2_m_axi_reg_slice |        115 |        115 |       0 |    0 |   133 |      0 |      0 |          0 |
|             wreq_throttle                                                                                  |                                                           bd_0_hls_inst_0_fmm_reduce_kernel_gmem2_m_axi_throttle |        184 |        122 |       0 |   62 |   276 |      0 |      0 |          0 |
|               rs_req                                                                                       |                                          bd_0_hls_inst_0_fmm_reduce_kernel_gmem2_m_axi_reg_slice__parameterized1 |         74 |         74 |       0 |    0 |   137 |      0 |      0 |          0 |
|               fifo_burst_gen[0].fifo_req                                                                   |                                               bd_0_hls_inst_0_fmm_reduce_kernel_gmem2_m_axi_fifo__parameterized4 |         84 |         22 |       0 |   62 |    79 |      0 |      0 |          0 |
|                 U_fifo_srl                                                                                 |                                                bd_0_hls_inst_0_fmm_reduce_kernel_gmem2_m_axi_srl__parameterized4 |         63 |          1 |       0 |   62 |    62 |      0 |      0 |          0 |
|           store_unit_0                                                                                     |                                                              bd_0_hls_inst_0_fmm_reduce_kernel_gmem2_m_axi_store |        244 |        140 |       0 |  104 |   256 |      0 |      0 |          0 |
|             (store_unit_0)                                                                                 |                                                              bd_0_hls_inst_0_fmm_reduce_kernel_gmem2_m_axi_store |          2 |          2 |       0 |    0 |    78 |      0 |      0 |          0 |
|             buff_wdata                                                                                     |                                               bd_0_hls_inst_0_fmm_reduce_kernel_gmem2_m_axi_fifo__parameterized1 |         80 |         44 |       0 |   36 |    56 |      0 |      0 |          0 |
|             conservative_gen.fifo_burst                                                                    |                                                               bd_0_hls_inst_0_fmm_reduce_kernel_gmem2_m_axi_fifo |         50 |         46 |       0 |    4 |    21 |      0 |      0 |          0 |
|             fifo_wreq                                                                                      |                                               bd_0_hls_inst_0_fmm_reduce_kernel_gmem2_m_axi_fifo__parameterized0 |         80 |         17 |       0 |   63 |    74 |      0 |      0 |          0 |
|               U_fifo_srl                                                                                   |                                                bd_0_hls_inst_0_fmm_reduce_kernel_gmem2_m_axi_srl__parameterized0 |         68 |          5 |       0 |   63 |    63 |      0 |      0 |          0 |
|         gmem_m_axi_U                                                                                       |                                                                     bd_0_hls_inst_0_fmm_reduce_kernel_gmem_m_axi |       1250 |       1020 |       0 |  230 |  1762 |      0 |      1 |          0 |
|           bus_read                                                                                         |                                                                bd_0_hls_inst_0_fmm_reduce_kernel_gmem_m_axi_read |        372 |        372 |       0 |    0 |   562 |      0 |      0 |          0 |
|             rreq_burst_conv                                                                                |                                                  bd_0_hls_inst_0_fmm_reduce_kernel_gmem_m_axi_burst_converter_15 |        294 |        294 |       0 |    0 |   460 |      0 |      0 |          0 |
|               burst_sequential                                                                             |                                                 bd_0_hls_inst_0_fmm_reduce_kernel_gmem_m_axi_burst_sequential_16 |        294 |        294 |       0 |    0 |   460 |      0 |      0 |          0 |
|                 (burst_sequential)                                                                         |                                                 bd_0_hls_inst_0_fmm_reduce_kernel_gmem_m_axi_burst_sequential_16 |        179 |        179 |       0 |    0 |   327 |      0 |      0 |          0 |
|                 rs_req                                                                                     |                                                        bd_0_hls_inst_0_fmm_reduce_kernel_gmem_m_axi_reg_slice_17 |        115 |        115 |       0 |    0 |   133 |      0 |      0 |          0 |
|             rs_rdata                                                                                       |                                           bd_0_hls_inst_0_fmm_reduce_kernel_gmem_m_axi_reg_slice__parameterized3 |         40 |         40 |       0 |    0 |    71 |      0 |      0 |          0 |
|           bus_write                                                                                        |                                                               bd_0_hls_inst_0_fmm_reduce_kernel_gmem_m_axi_write |        506 |        443 |       0 |   63 |   759 |      0 |      0 |          0 |
|             wreq_burst_conv                                                                                |                                                     bd_0_hls_inst_0_fmm_reduce_kernel_gmem_m_axi_burst_converter |        294 |        294 |       0 |    0 |   460 |      0 |      0 |          0 |
|               burst_sequential                                                                             |                                                    bd_0_hls_inst_0_fmm_reduce_kernel_gmem_m_axi_burst_sequential |        294 |        294 |       0 |    0 |   460 |      0 |      0 |          0 |
|                 (burst_sequential)                                                                         |                                                    bd_0_hls_inst_0_fmm_reduce_kernel_gmem_m_axi_burst_sequential |        178 |        178 |       0 |    0 |   327 |      0 |      0 |          0 |
|                 rs_req                                                                                     |                                                           bd_0_hls_inst_0_fmm_reduce_kernel_gmem_m_axi_reg_slice |        116 |        116 |       0 |    0 |   133 |      0 |      0 |          0 |
|             wreq_throttle                                                                                  |                                                            bd_0_hls_inst_0_fmm_reduce_kernel_gmem_m_axi_throttle |        185 |        123 |       0 |   62 |   276 |      0 |      0 |          0 |
|               rs_req                                                                                       |                                           bd_0_hls_inst_0_fmm_reduce_kernel_gmem_m_axi_reg_slice__parameterized1 |         74 |         74 |       0 |    0 |   137 |      0 |      0 |          0 |
|               fifo_burst_gen[0].fifo_req                                                                   |                                                bd_0_hls_inst_0_fmm_reduce_kernel_gmem_m_axi_fifo__parameterized5 |         85 |         23 |       0 |   62 |    79 |      0 |      0 |          0 |
|                 U_fifo_srl                                                                                 |                                                 bd_0_hls_inst_0_fmm_reduce_kernel_gmem_m_axi_srl__parameterized4 |         63 |          1 |       0 |   62 |    62 |      0 |      0 |          0 |
|           load_unit_0                                                                                      |                                                                bd_0_hls_inst_0_fmm_reduce_kernel_gmem_m_axi_load |        135 |         72 |       0 |   63 |   180 |      0 |      1 |          0 |
|             (load_unit_0)                                                                                  |                                                                bd_0_hls_inst_0_fmm_reduce_kernel_gmem_m_axi_load |          1 |          1 |       0 |    0 |    66 |      0 |      0 |          0 |
|             buff_rdata                                                                                     |                                                bd_0_hls_inst_0_fmm_reduce_kernel_gmem_m_axi_fifo__parameterized4 |         50 |         50 |       0 |    0 |    37 |      0 |      1 |          0 |
|             fifo_rreq                                                                                      |                                              bd_0_hls_inst_0_fmm_reduce_kernel_gmem_m_axi_fifo__parameterized0_9 |         84 |         21 |       0 |   63 |    77 |      0 |      0 |          0 |
|               U_fifo_srl                                                                                   |                                              bd_0_hls_inst_0_fmm_reduce_kernel_gmem_m_axi_srl__parameterized0_10 |         67 |          4 |       0 |   63 |    63 |      0 |      0 |          0 |
|           store_unit_0                                                                                     |                                                               bd_0_hls_inst_0_fmm_reduce_kernel_gmem_m_axi_store |        237 |        133 |       0 |  104 |   261 |      0 |      0 |          0 |
|             (store_unit_0)                                                                                 |                                                               bd_0_hls_inst_0_fmm_reduce_kernel_gmem_m_axi_store |          2 |          2 |       0 |    0 |    78 |      0 |      0 |          0 |
|             buff_wdata                                                                                     |                                                bd_0_hls_inst_0_fmm_reduce_kernel_gmem_m_axi_fifo__parameterized1 |         66 |         30 |       0 |   36 |    56 |      0 |      0 |          0 |
|             conservative_gen.fifo_burst                                                                    |                                                                bd_0_hls_inst_0_fmm_reduce_kernel_gmem_m_axi_fifo |         50 |         46 |       0 |    4 |    21 |      0 |      0 |          0 |
|             fifo_wreq                                                                                      |                                                bd_0_hls_inst_0_fmm_reduce_kernel_gmem_m_axi_fifo__parameterized0 |         84 |         21 |       0 |   63 |    77 |      0 |      0 |          0 |
|               U_fifo_srl                                                                                   |                                                 bd_0_hls_inst_0_fmm_reduce_kernel_gmem_m_axi_srl__parameterized0 |         67 |          4 |       0 |   63 |    63 |      0 |      0 |          0 |
+------------------------------------------------------------------------------------------------------------+------------------------------------------------------------------------------------------------------------------+------------+------------+---------+------+-------+--------+--------+------------+


