

================================================================
== Vitis HLS Report for 'greedy_potential_reduce_with_debug'
================================================================
* Date:           Mon Oct 13 17:12:32 2025

* Version:        2025.1 (Build 6135595 on May 21 2025)
* Project:        fmm_reduce_kernel
* Solution:       hls (Vivado IP Flow Target)
* Product family: zynq
* Target device:  xc7z020-clg400-3


================================================================
== Performance Estimates
================================================================
+ Timing: 
    * Summary: 
    +--------+----------+----------+------------+
    |  Clock |  Target  | Estimated| Uncertainty|
    +--------+----------+----------+------------+
    |ap_clk  |  10.00 ns|  9.532 ns|     2.70 ns|
    +--------+----------+----------+------------+

+ Latency: 
    * Summary: 
    +---------+---------+----------+----------+-----+-----+---------+
    |  Latency (cycles) |  Latency (absolute) |  Interval | Pipeline|
    |   min   |   max   |    min   |    max   | min | max |   Type  |
    +---------+---------+----------+----------+-----+-----+---------+
    |        ?|        ?|         ?|         ?|    ?|    ?|       no|
    +---------+---------+----------+----------+-----+-----+---------+

    + Detail: 
        * Instance: 
        +--------------------------------------------------------------------------------------------+--------------------------------------------------------------------------------+---------+---------+-----------+-----------+-----+-----+------------------------------------------------+
        |                                                                                            |                                                                                |  Latency (cycles) |   Latency (absolute)  |  Interval |                    Pipeline                    |
        |                                          Instance                                          |                                     Module                                     |   min   |   max   |    min    |    max    | min | max |                      Type                      |
        +--------------------------------------------------------------------------------------------+--------------------------------------------------------------------------------+---------+---------+-----------+-----------+-----+-----+------------------------------------------------+
        |grp_greedy_potential_reduce_with_debug_Pipeline_VITIS_LOOP_103_1_VITIS_LOOP_92_1_fu_895     |greedy_potential_reduce_with_debug_Pipeline_VITIS_LOOP_103_1_VITIS_LOOP_92_1    |        ?|        ?|          ?|          ?|    0|    0|  loop auto-rewind stp (delay=0 clock cycles(s))|
        |grp_greedy_potential_reduce_with_debug_Pipeline_VITIS_LOOP_115_1_fu_904                     |greedy_potential_reduce_with_debug_Pipeline_VITIS_LOOP_115_1                    |        ?|        ?|          ?|          ?|    0|    0|  loop auto-rewind stp (delay=0 clock cycles(s))|
        |grp_greedy_potential_reduce_with_debug_Pipeline_VITIS_LOOP_115_13_fu_915                    |greedy_potential_reduce_with_debug_Pipeline_VITIS_LOOP_115_13                   |        ?|        ?|          ?|          ?|    0|    0|  loop auto-rewind stp (delay=0 clock cycles(s))|
        |grp_greedy_potential_reduce_with_debug_Pipeline_VITIS_LOOP_135_1_fu_925                     |greedy_potential_reduce_with_debug_Pipeline_VITIS_LOOP_135_1                    |        ?|        ?|          ?|          ?|    0|    0|  loop auto-rewind stp (delay=0 clock cycles(s))|
        |grp_greedy_potential_reduce_with_debug_Pipeline_VITIS_LOOP_192_2_VITIS_LOOP_115_1_fu_935    |greedy_potential_reduce_with_debug_Pipeline_VITIS_LOOP_192_2_VITIS_LOOP_115_1   |        ?|        ?|          ?|          ?|    0|    0|  loop auto-rewind stp (delay=0 clock cycles(s))|
        |grp_greedy_potential_reduce_with_debug_Pipeline_VITIS_LOOP_157_1_fu_948                     |greedy_potential_reduce_with_debug_Pipeline_VITIS_LOOP_157_1                    |        ?|        ?|          ?|          ?|    0|    0|  loop auto-rewind stp (delay=0 clock cycles(s))|
        |grp_greedy_potential_reduce_with_debug_Pipeline_VITIS_LOOP_163_2_fu_957                     |greedy_potential_reduce_with_debug_Pipeline_VITIS_LOOP_163_2                    |        3|        3|  30.000 ns|  30.000 ns|    1|    1|  loop auto-rewind stp (delay=0 clock cycles(s))|
        |grp_greedy_potential_reduce_with_debug_Pipeline_VITIS_LOOP_174_3_fu_968                     |greedy_potential_reduce_with_debug_Pipeline_VITIS_LOOP_174_3                    |        ?|        ?|          ?|          ?|    0|    0|  loop auto-rewind stp (delay=0 clock cycles(s))|
        |grp_greedy_potential_reduce_with_debug_Pipeline_VITIS_LOOP_115_14_fu_979                    |greedy_potential_reduce_with_debug_Pipeline_VITIS_LOOP_115_14                   |        ?|        ?|          ?|          ?|    0|    0|  loop auto-rewind stp (delay=0 clock cycles(s))|
        |grp_greedy_potential_reduce_with_debug_Pipeline_VITIS_LOOP_135_15_fu_989                    |greedy_potential_reduce_with_debug_Pipeline_VITIS_LOOP_135_15                   |        ?|        ?|          ?|          ?|    0|    0|  loop auto-rewind stp (delay=0 clock cycles(s))|
        |grp_greedy_potential_reduce_with_debug_Pipeline_VITIS_LOOP_192_2_VITIS_LOOP_115_16_fu_999   |greedy_potential_reduce_with_debug_Pipeline_VITIS_LOOP_192_2_VITIS_LOOP_115_16  |        ?|        ?|          ?|          ?|    0|    0|  loop auto-rewind stp (delay=0 clock cycles(s))|
        |grp_greedy_potential_reduce_with_debug_Pipeline_VITIS_LOOP_157_17_fu_1012                   |greedy_potential_reduce_with_debug_Pipeline_VITIS_LOOP_157_17                   |        ?|        ?|          ?|          ?|    0|    0|  loop auto-rewind stp (delay=0 clock cycles(s))|
        |grp_greedy_potential_reduce_with_debug_Pipeline_VITIS_LOOP_163_28_fu_1021                   |greedy_potential_reduce_with_debug_Pipeline_VITIS_LOOP_163_28                   |        3|        3|  30.000 ns|  30.000 ns|    1|    1|  loop auto-rewind stp (delay=0 clock cycles(s))|
        |grp_greedy_potential_reduce_with_debug_Pipeline_VITIS_LOOP_174_39_fu_1032                   |greedy_potential_reduce_with_debug_Pipeline_VITIS_LOOP_174_39                   |        ?|        ?|          ?|          ?|    0|    0|  loop auto-rewind stp (delay=0 clock cycles(s))|
        |grp_greedy_potential_reduce_with_debug_Pipeline_VITIS_LOOP_135_110_fu_1043                  |greedy_potential_reduce_with_debug_Pipeline_VITIS_LOOP_135_110                  |        ?|        ?|          ?|          ?|    0|    0|  loop auto-rewind stp (delay=0 clock cycles(s))|
        |grp_greedy_potential_reduce_with_debug_Pipeline_VITIS_LOOP_103_1_VITIS_LOOP_92_111_fu_1055  |greedy_potential_reduce_with_debug_Pipeline_VITIS_LOOP_103_1_VITIS_LOOP_92_111  |        ?|        ?|          ?|          ?|    0|    0|  loop auto-rewind stp (delay=0 clock cycles(s))|
        +--------------------------------------------------------------------------------------------+--------------------------------------------------------------------------------+---------+---------+-----------+-----------+-----+-----+------------------------------------------------+

        * Loop: 
        +-------------------------+---------+---------+----------+-----------+-----------+------+----------+
        |                         |  Latency (cycles) | Iteration|  Initiation Interval  | Trip |          |
        |        Loop Name        |   min   |   max   |  Latency |  achieved |   target  | Count| Pipelined|
        +-------------------------+---------+---------+----------+-----------+-----------+------+----------+
        |- VITIS_LOOP_259_1       |        ?|        ?|         ?|          -|          -|     ?|        no|
        | + VITIS_LOOP_223_1      |        ?|        ?|         ?|          -|          -|     ?|        no|
        |  ++ VITIS_LOOP_224_2    |        ?|        ?|         ?|          -|          -|     0|        no|
        |   +++ VITIS_LOOP_191_1  |        ?|        ?|         ?|          -|          -|     ?|        no|
        |   +++ VITIS_LOOP_191_1  |        ?|        ?|         ?|          -|          -|     ?|        no|
        +-------------------------+---------+---------+----------+-----------+-----------+------+----------+



================================================================
== Utilization Estimates
================================================================
* Summary: 
+-----------------+---------+-----+--------+-------+-----+
|       Name      | BRAM_18K| DSP |   FF   |  LUT  | URAM|
+-----------------+---------+-----+--------+-------+-----+
|DSP              |        -|    -|       -|      -|    -|
|Expression       |        -|    -|       0|   5072|    -|
|FIFO             |        -|    -|       -|      -|    -|
|Instance         |        -|   19|    3229|   8937|    -|
|Memory           |        -|    -|       -|      -|    -|
|Multiplexer      |        -|    -|       0|   1616|    -|
|Register         |        -|    -|    4233|      -|    -|
+-----------------+---------+-----+--------+-------+-----+
|Total            |        0|   19|    7462|  15625|    0|
+-----------------+---------+-----+--------+-------+-----+
|Available        |      280|  220|  106400|  53200|    0|
+-----------------+---------+-----+--------+-------+-----+
|Utilization (%)  |        0|    8|       7|     29|    0|
+-----------------+---------+-----+--------+-------+-----+

+ Detail: 
    * Instance: 
    +--------------------------------------------------------------------------------------------+--------------------------------------------------------------------------------+---------+----+-----+------+-----+
    |                                          Instance                                          |                                     Module                                     | BRAM_18K| DSP|  FF |  LUT | URAM|
    +--------------------------------------------------------------------------------------------+--------------------------------------------------------------------------------+---------+----+-----+------+-----+
    |grp_greedy_potential_reduce_with_debug_Pipeline_VITIS_LOOP_103_1_VITIS_LOOP_92_1_fu_895     |greedy_potential_reduce_with_debug_Pipeline_VITIS_LOOP_103_1_VITIS_LOOP_92_1    |        0|   0|  210|   776|    0|
    |grp_greedy_potential_reduce_with_debug_Pipeline_VITIS_LOOP_103_1_VITIS_LOOP_92_111_fu_1055  |greedy_potential_reduce_with_debug_Pipeline_VITIS_LOOP_103_1_VITIS_LOOP_92_111  |        0|   0|  210|   776|    0|
    |grp_greedy_potential_reduce_with_debug_Pipeline_VITIS_LOOP_115_1_fu_904                     |greedy_potential_reduce_with_debug_Pipeline_VITIS_LOOP_115_1                    |        0|   0|  150|   570|    0|
    |grp_greedy_potential_reduce_with_debug_Pipeline_VITIS_LOOP_115_13_fu_915                    |greedy_potential_reduce_with_debug_Pipeline_VITIS_LOOP_115_13                   |        0|   0|   66|   404|    0|
    |grp_greedy_potential_reduce_with_debug_Pipeline_VITIS_LOOP_115_14_fu_979                    |greedy_potential_reduce_with_debug_Pipeline_VITIS_LOOP_115_14                   |        0|   0|  118|   486|    0|
    |grp_greedy_potential_reduce_with_debug_Pipeline_VITIS_LOOP_135_1_fu_925                     |greedy_potential_reduce_with_debug_Pipeline_VITIS_LOOP_135_1                    |        0|   0|  158|   382|    0|
    |grp_greedy_potential_reduce_with_debug_Pipeline_VITIS_LOOP_135_110_fu_1043                  |greedy_potential_reduce_with_debug_Pipeline_VITIS_LOOP_135_110                  |        0|   0|  194|   420|    0|
    |grp_greedy_potential_reduce_with_debug_Pipeline_VITIS_LOOP_135_15_fu_989                    |greedy_potential_reduce_with_debug_Pipeline_VITIS_LOOP_135_15                   |        0|   0|  191|   375|    0|
    |grp_greedy_potential_reduce_with_debug_Pipeline_VITIS_LOOP_157_1_fu_948                     |greedy_potential_reduce_with_debug_Pipeline_VITIS_LOOP_157_1                    |        0|   0|  129|   231|    0|
    |grp_greedy_potential_reduce_with_debug_Pipeline_VITIS_LOOP_157_17_fu_1012                   |greedy_potential_reduce_with_debug_Pipeline_VITIS_LOOP_157_17                   |        0|   0|  129|   231|    0|
    |grp_greedy_potential_reduce_with_debug_Pipeline_VITIS_LOOP_163_2_fu_957                     |greedy_potential_reduce_with_debug_Pipeline_VITIS_LOOP_163_2                    |        0|   0|  168|   313|    0|
    |grp_greedy_potential_reduce_with_debug_Pipeline_VITIS_LOOP_163_28_fu_1021                   |greedy_potential_reduce_with_debug_Pipeline_VITIS_LOOP_163_28                   |        0|   0|  168|   313|    0|
    |grp_greedy_potential_reduce_with_debug_Pipeline_VITIS_LOOP_174_3_fu_968                     |greedy_potential_reduce_with_debug_Pipeline_VITIS_LOOP_174_3                    |        0|   0|  154|   368|    0|
    |grp_greedy_potential_reduce_with_debug_Pipeline_VITIS_LOOP_174_39_fu_1032                   |greedy_potential_reduce_with_debug_Pipeline_VITIS_LOOP_174_39                   |        0|   0|  154|   368|    0|
    |grp_greedy_potential_reduce_with_debug_Pipeline_VITIS_LOOP_192_2_VITIS_LOOP_115_1_fu_935    |greedy_potential_reduce_with_debug_Pipeline_VITIS_LOOP_192_2_VITIS_LOOP_115_1   |        0|   0|  334|  1331|    0|
    |grp_greedy_potential_reduce_with_debug_Pipeline_VITIS_LOOP_192_2_VITIS_LOOP_115_16_fu_999   |greedy_potential_reduce_with_debug_Pipeline_VITIS_LOOP_192_2_VITIS_LOOP_115_16  |        0|   0|  334|  1331|    0|
    |mul_31ns_31ns_62_1_1_U127                                                                   |mul_31ns_31ns_62_1_1                                                            |        0|   4|    0|    24|    0|
    |mul_32ns_34ns_64_1_1_U128                                                                   |mul_32ns_34ns_64_1_1                                                            |        0|   4|    0|    23|    0|
    |mul_32s_32s_32_1_1_U129                                                                     |mul_32s_32s_32_1_1                                                              |        0|   3|    0|    21|    0|
    |mul_64ns_31ns_95_3_1_U130                                                                   |mul_64ns_31ns_95_3_1                                                            |        0|   8|  362|   194|    0|
    +--------------------------------------------------------------------------------------------+--------------------------------------------------------------------------------+---------+----+-----+------+-----+
    |Total                                                                                       |                                                                                |        0|  19| 3229|  8937|    0|
    +--------------------------------------------------------------------------------------------+--------------------------------------------------------------------------------+---------+----+-----+------+-----+

    * DSP: 
    N/A

    * Memory: 
    N/A

    * FIFO: 
    N/A

    * Expression: 
    +--------------------------------------+----------+----+---+----+------------+------------+
    |             Variable Name            | Operation| DSP| FF| LUT| Bitwidth P0| Bitwidth P1|
    +--------------------------------------+----------+----+---+----+------------+------------+
    |R_1_fu_1688_p2                        |         +|   0|  0|  39|          32|          32|
    |R_2_fu_2187_p2                        |         +|   0|  0|  39|          32|          32|
    |R_fu_1377_p2                          |         +|   0|  0|  39|          32|          32|
    |add_ln117_1_fu_1746_p2                |         +|   0|  0|  42|          35|          35|
    |add_ln117_2_fu_2245_p2                |         +|   0|  0|  42|          35|          35|
    |add_ln117_fu_1429_p2                  |         +|   0|  0|  42|          35|          35|
    |add_ln119_5_fu_2132_p2                |         +|   0|  0|  24|          17|          17|
    |add_ln119_fu_1633_p2                  |         +|   0|  0|  24|          17|          17|
    |add_ln132_1_fu_1599_p2                |         +|   0|  0|  24|          17|          17|
    |add_ln132_2_fu_2098_p2                |         +|   0|  0|  24|          17|          17|
    |add_ln132_3_fu_1493_p2                |         +|   0|  0|  42|          35|          35|
    |add_ln132_fu_1507_p2                  |         +|   0|  0|  24|          17|          17|
    |add_ln133_1_fu_1639_p2                |         +|   0|  0|  24|          17|          17|
    |add_ln133_2_fu_2138_p2                |         +|   0|  0|  24|          17|          17|
    |add_ln133_3_fu_2589_p2                |         +|   0|  0|  42|          35|          35|
    |add_ln133_fu_2599_p2                  |         +|   0|  0|  24|          17|          17|
    |add_ln135_1_fu_1668_p2                |         +|   0|  0|  24|          17|          17|
    |add_ln135_2_fu_2167_p2                |         +|   0|  0|  24|          17|          17|
    |add_ln135_fu_2634_p2                  |         +|   0|  0|  24|          17|          17|
    |add_ln147_1_fu_1675_p2                |         +|   0|  0|  39|          32|           1|
    |add_ln147_2_fu_2174_p2                |         +|   0|  0|  39|          32|           1|
    |add_ln147_fu_2641_p2                  |         +|   0|  0|  39|          32|           1|
    |add_ln172_1_fu_2432_p2                |         +|   0|  0|  24|          17|          17|
    |add_ln172_2_fu_1923_p2                |         +|   0|  0|  42|          35|          35|
    |add_ln172_3_fu_2422_p2                |         +|   0|  0|  42|          35|          35|
    |add_ln172_fu_1933_p2                  |         +|   0|  0|  24|          17|          17|
    |add_ln173_1_fu_2481_p2                |         +|   0|  0|  24|          17|          17|
    |add_ln173_2_fu_1967_p2                |         +|   0|  0|  42|          35|          35|
    |add_ln173_3_fu_2466_p2                |         +|   0|  0|  42|          35|          35|
    |add_ln173_fu_1982_p2                  |         +|   0|  0|  24|          17|          17|
    |add_ln176_1_fu_2322_p2                |         +|   0|  0|  42|          35|          35|
    |add_ln176_fu_1823_p2                  |         +|   0|  0|  42|          35|          35|
    |add_ln191_1_fu_2255_p2                |         +|   0|  0|  39|          32|           1|
    |add_ln191_2_fu_1697_p2                |         +|   0|  0|  40|          33|           2|
    |add_ln191_3_fu_2196_p2                |         +|   0|  0|  40|          33|           2|
    |add_ln191_fu_1756_p2                  |         +|   0|  0|  39|          32|           1|
    |add_ln192_2_fu_2211_p2                |         +|   0|  0|  38|          31|           1|
    |add_ln192_fu_1712_p2                  |         +|   0|  0|  38|          31|           1|
    |add_ln223_fu_1528_p2                  |         +|   0|  0|  39|          32|           1|
    |add_ln224_1_fu_2540_p2                |         +|   0|  0|  71|          64|           1|
    |add_ln224_fu_1395_p2                  |         +|   0|  0|  38|          31|           1|
    |add_ln251_fu_1177_p2                  |         +|   0|  0|  71|          64|           3|
    |add_ln252_fu_1251_p2                  |         +|   0|  0|  71|          64|           4|
    |add_ln253_fu_1284_p2                  |         +|   0|  0|  71|          64|           4|
    |add_ln254_fu_1309_p2                  |         +|   0|  0|  71|          64|           5|
    |add_ln259_fu_2982_p2                  |         +|   0|  0|  39|          32|           1|
    |add_ln267_fu_2685_p2                  |         +|   0|  0|  71|          64|          64|
    |add_ln268_1_fu_2784_p2                |         +|   0|  0|  71|          64|          64|
    |add_ln268_fu_2767_p2                  |         +|   0|  0|  39|          32|           1|
    |add_ln269_1_fu_2826_p2                |         +|   0|  0|  71|          64|          64|
    |add_ln269_fu_2809_p2                  |         +|   0|  0|  39|          32|           2|
    |add_ln270_1_fu_2868_p2                |         +|   0|  0|  71|          64|          64|
    |add_ln270_fu_2851_p2                  |         +|   0|  0|  39|          32|           2|
    |add_ln271_1_fu_2918_p2                |         +|   0|  0|  71|          64|          64|
    |add_ln271_fu_2901_p2                  |         +|   0|  0|  39|          32|           3|
    |add_ln274_1_fu_2970_p2                |         +|   0|  0|  32|          32|           6|
    |add_ln274_2_fu_2964_p2                |         +|   0|  0|  32|          32|          32|
    |add_ln274_fu_2947_p2                  |         +|   0|  0|  39|          32|          32|
    |base_fu_2667_p2                       |         +|   0|  0|  39|          32|          32|
    |colt_1_fu_2289_p2                     |         +|   0|  0|  39|          32|          32|
    |colt_fu_1790_p2                       |         +|   0|  0|  39|          32|          32|
    |new_col_2_fu_2084_p2                  |         +|   0|  0|  39|          32|          32|
    |new_col_3_fu_1464_p2                  |         +|   0|  0|  39|          32|          32|
    |new_col_fu_1585_p2                    |         +|   0|  0|  39|          32|          32|
    |new_row_1_fu_1590_p2                  |         +|   0|  0|  16|           9|           9|
    |new_row_2_fu_2089_p2                  |         +|   0|  0|  16|           9|           9|
    |new_row_fu_2546_p2                    |         +|   0|  0|  16|           9|           9|
    |r_4_fu_2332_p2                        |         +|   0|  0|  39|          32|           2|
    |r_fu_1836_p2                          |         +|   0|  0|  39|          32|           2|
    |rec_idx_2_fu_2756_p2                  |         +|   0|  0|  39|          32|           1|
    |rowt_1_fu_2284_p2                     |         +|   0|  0|  39|          32|          32|
    |rowt_fu_1785_p2                       |         +|   0|  0|  39|          32|          32|
    |score_1_fu_1991_p2                    |         +|   0|  0|  39|          32|          32|
    |score_3_fu_2490_p2                    |         +|   0|  0|  39|          32|          32|
    |t_old_1_fu_2267_p2                    |         +|   0|  0|  39|          32|           2|
    |t_old_fu_1768_p2                      |         +|   0|  0|  39|          32|           2|
    |total_cols_1_fu_2710_p2               |         +|   0|  0|  39|          32|          32|
    |total_cols_fu_1203_p2                 |         +|   0|  0|  39|          32|          32|
    |total_rows_1_fu_2719_p2               |         +|   0|  0|  39|          32|          32|
    |total_rows_fu_1213_p2                 |         +|   0|  0|  39|          32|          32|
    |and_ln171_1_fu_2376_p2                |       and|   0|  0|   2|           1|           1|
    |and_ln171_fu_1877_p2                  |       and|   0|  0|   2|           1|           1|
    |ap_block_state14                      |       and|   0|  0|   2|           1|           1|
    |ap_block_state25_on_subcall_done      |       and|   0|  0|   2|           1|           1|
    |ap_block_state41_on_subcall_done      |       and|   0|  0|   2|           1|           1|
    |ap_block_state49_on_subcall_done      |       and|   0|  0|   2|           1|           1|
    |ap_block_state4_io                    |       and|   0|  0|   2|           1|           1|
    |ap_block_state65_on_subcall_done      |       and|   0|  0|   2|           1|           1|
    |ap_block_state81                      |       and|   0|  0|   2|           1|           1|
    |ap_predicate_op385_call_state41       |       and|   0|  0|   2|           1|           1|
    |ap_predicate_op533_call_state65       |       and|   0|  0|   2|           1|           1|
    |ap_predicate_op669_writeresp_state81  |       and|   0|  0|   2|           1|           1|
    |cmp2_i140_i_i_fu_1342_p2              |      icmp|   0|  0|  39|          32|           1|
    |cmp34_i_i_fu_2609_p2                  |      icmp|   0|  0|  39|          32|           2|
    |empty_43_fu_1223_p2                   |      icmp|   0|  0|  39|          32|           1|
    |empty_44_fu_1237_p2                   |      icmp|   0|  0|  39|          32|           1|
    |empty_45_fu_1351_p2                   |      icmp|   0|  0|  39|          32|           1|
    |empty_47_fu_1883_p2                   |      icmp|   0|  0|  39|          32|           2|
    |empty_48_fu_1889_p2                   |      icmp|   0|  0|  39|          32|           1|
    |empty_51_fu_2382_p2                   |      icmp|   0|  0|  39|          32|           2|
    |empty_52_fu_2388_p2                   |      icmp|   0|  0|  39|          32|           1|
    |empty_55_fu_2728_p2                   |      icmp|   0|  0|  39|          32|           1|
    |empty_56_fu_2742_p2                   |      icmp|   0|  0|  39|          32|           1|
    |icmp_ln129_1_fu_1580_p2               |      icmp|   0|  0|  39|          32|          32|
    |icmp_ln129_2_fu_2079_p2               |      icmp|   0|  0|  39|          32|          32|
    |icmp_ln129_fu_1459_p2                 |      icmp|   0|  0|  39|          32|          32|
    |icmp_ln133_fu_2550_p2                 |      icmp|   0|  0|  39|          32|           1|
    |icmp_ln152_1_fu_2261_p2               |      icmp|   0|  0|  39|          32|           1|
    |icmp_ln152_fu_1762_p2                 |      icmp|   0|  0|  39|          32|           1|
    |icmp_ln163_1_fu_2341_p2               |      icmp|   0|  0|  39|          32|          32|
    |icmp_ln163_fu_1841_p2                 |      icmp|   0|  0|  39|          32|          32|
    |icmp_ln171_1_fu_2371_p2               |      icmp|   0|  0|  39|          32|          32|
    |icmp_ln171_fu_1872_p2                 |      icmp|   0|  0|  39|          32|          32|
    |icmp_ln192_1_fu_2206_p2               |      icmp|   0|  0|  39|          32|          32|
    |icmp_ln192_fu_1707_p2                 |      icmp|   0|  0|  39|          32|          32|
    |icmp_ln208_1_fu_2069_p2               |      icmp|   0|  0|  38|          31|           1|
    |icmp_ln208_fu_1570_p2                 |      icmp|   0|  0|  38|          31|           1|
    |icmp_ln224_1_fu_1518_p2               |      icmp|   0|  0|  71|          64|          64|
    |icmp_ln224_fu_1390_p2                 |      icmp|   0|  0|  39|          32|          32|
    |icmp_ln228_fu_1550_p2                 |      icmp|   0|  0|  38|          31|           1|
    |icmp_ln230_fu_1995_p2                 |      icmp|   0|  0|  39|          32|          32|
    |icmp_ln232_fu_2049_p2                 |      icmp|   0|  0|  38|          31|           1|
    |icmp_ln234_fu_2495_p2                 |      icmp|   0|  0|  39|          32|          32|
    |icmp_ln244_fu_1105_p2                 |      icmp|   0|  0|  39|          32|           1|
    |icmp_ln248_fu_1132_p2                 |      icmp|   0|  0|  36|          29|           1|
    |icmp_ln262_fu_1449_p2                 |      icmp|   0|  0|  38|          31|           1|
    |icmp_ln265_fu_2656_p2                 |      icmp|   0|  0|  39|          32|          32|
    |icmp_ln274_fu_2976_p2                 |      icmp|   0|  0|  39|          32|          32|
    |M_e_we0                               |        or|   0|  0|   2|           1|           1|
    |M_e_we1                               |        or|   0|  0|   2|           1|           1|
    |ap_block_state5_io                    |        or|   0|  0|   2|           1|           1|
    |empty_49_fu_1895_p2                   |        or|   0|  0|   2|           1|           1|
    |empty_53_fu_2394_p2                   |        or|   0|  0|   2|           1|           1|
    |best_score_2_fu_2031_p3               |    select|   0|  0|  32|           1|          32|
    |best_score_4_fu_2531_p3               |    select|   0|  0|  32|           1|          32|
    |r1_2_fu_2001_p3                       |    select|   0|  0|  32|           1|          32|
    |r1_4_fu_2501_p3                       |    select|   0|  0|  32|           1|          32|
    |r2_2_fu_2013_p3                       |    select|   0|  0|  32|           1|          32|
    |r2_4_fu_2513_p3                       |    select|   0|  0|  32|           1|          32|
    |rec_capacity_fu_1125_p3               |    select|   0|  0|  29|           1|          29|
    |select_ln133_fu_2556_p3               |    select|   0|  0|   2|           1|           1|
    |sign_2_fu_2022_p3                     |    select|   0|  0|  32|           1|           1|
    |sign_4_fu_2522_p3                     |    select|   0|  0|  32|           1|           2|
    |smax1_fu_1243_p3                      |    select|   0|  0|  31|           1|          31|
    |smax21_fu_2734_p3                     |    select|   0|  0|  31|           1|          31|
    |smax22_fu_2748_p3                     |    select|   0|  0|  31|           1|          31|
    |smax3_fu_1356_p3                      |    select|   0|  0|  31|           1|          31|
    |smax_fu_1229_p3                       |    select|   0|  0|  31|           1|          31|
    |xor_ln171_1_fu_2365_p2                |       xor|   0|  0|   2|           1|           2|
    |xor_ln171_fu_1866_p2                  |       xor|   0|  0|   2|           1|           2|
    +--------------------------------------+----------+----+---+----+------------+------------+
    |Total                                 |          |   0|  0|5072|        3828|        2586|
    +--------------------------------------+----------+----+---+----+------------+------------+

    * Multiplexer: 
    +----------------------------------------+-----+-----------+-----+-----------+
    |                  Name                  | LUT | Input Size| Bits| Total Bits|
    +----------------------------------------+-----+-----------+-----+-----------+
    |M_e_address0                            |   81|         17|   17|        289|
    |M_e_address0_local                      |   25|          6|   17|        102|
    |M_e_address1                            |   45|         11|   17|        187|
    |M_e_address1_local                      |   25|          6|   17|        102|
    |M_e_ce0                                 |   81|         17|    1|         17|
    |M_e_ce1                                 |   45|         11|    1|         11|
    |M_e_d0                                  |   25|          6|   32|        192|
    |M_e_d0_local                            |   13|          3|   32|         96|
    |M_e_d1                                  |   17|          4|   32|        128|
    |M_e_d1_local                            |   21|          5|   32|        160|
    |M_e_we0                                 |   25|          6|    1|          6|
    |M_e_we1                                 |   17|          4|    1|          4|
    |M_t_load_2_i_reg_380                    |    9|          2|   32|         64|
    |M_t_load_3_reg_884                      |    9|          2|   32|         64|
    |M_t_load_4_i10_reg_783                  |    9|          2|   32|         64|
    |M_t_load_4_i4_reg_823                   |    9|          2|   32|         64|
    |M_t_load_4_i5_reg_796                   |    9|          2|   32|         64|
    |M_t_load_4_i7_reg_624                   |    9|          2|   32|         64|
    |M_t_load_4_i8_reg_610                   |    9|          2|   32|         64|
    |M_t_load_4_i_reg_474                    |    9|          2|   32|         64|
    |M_t_load_6_i_reg_651                    |    9|          2|   32|         64|
    |M_t_o                                   |   25|          6|   32|        192|
    |ap_NS_fsm                               |  396|         83|    1|         83|
    |ap_phi_mux_M_t_load_4_i4_phi_fu_827_p4  |    9|          2|   32|         64|
    |ap_phi_mux_M_t_load_4_i5_phi_fu_799_p6  |    9|          2|   32|         64|
    |ap_phi_mux_M_t_load_6_i_phi_fu_654_p4   |    9|          2|   32|         64|
    |ap_phi_mux_best_score_3_phi_fu_699_p4   |    9|          2|   32|         64|
    |ap_phi_mux_best_score_5_phi_fu_876_p4   |    9|          2|   32|         64|
    |ap_phi_mux_empty_46_phi_fu_537_p4       |    9|          2|   32|         64|
    |ap_phi_mux_empty_50_phi_fu_710_p4       |    9|          2|   32|         64|
    |ap_phi_mux_move_type_2_phi_fu_592_p4    |    9|          2|   32|         64|
    |ap_phi_mux_move_type_phi_fu_765_p4      |    9|          2|   32|         64|
    |ap_phi_mux_r1_3_phi_fu_666_p4           |    9|          2|   32|         64|
    |ap_phi_mux_r1_5_phi_fu_840_p4           |    9|          2|   32|         64|
    |ap_phi_mux_r2_3_phi_fu_677_p4           |    9|          2|   32|         64|
    |ap_phi_mux_r2_5_phi_fu_852_p4           |    9|          2|   32|         64|
    |ap_phi_mux_rec_idx_phi_fu_372_p4        |    9|          2|    1|          2|
    |ap_phi_mux_row2_2_phi_fu_603_p4         |    9|          2|   32|         64|
    |ap_phi_mux_row2_phi_fu_776_p4           |    9|          2|   32|         64|
    |ap_phi_mux_s_phi_fu_814_p6              |    9|          2|   32|         64|
    |ap_phi_mux_sign_3_phi_fu_688_p4         |    9|          2|   32|         64|
    |ap_phi_mux_sign_5_phi_fu_864_p4         |    9|          2|   32|         64|
    |best_score_1_reg_486                    |    9|          2|   32|         64|
    |best_score_3_reg_696                    |    9|          2|   32|         64|
    |best_score_5_reg_872                    |    9|          2|   32|         64|
    |best_score_reg_413                      |    9|          2|   32|         64|
    |empty_46_reg_534                        |    9|          2|   32|         64|
    |empty_50_reg_707                        |    9|          2|   32|         64|
    |gmem2_blk_n_AW                          |    9|          2|    1|          2|
    |gmem2_blk_n_B                           |    9|          2|    1|          2|
    |gmem2_blk_n_W                           |    9|          2|    1|          2|
    |grp_fu_1064_p0                          |   13|          3|   31|         93|
    |grp_fu_1064_p1                          |   13|          3|   31|         93|
    |grp_fu_1075_p0                          |   21|          5|   32|        160|
    |grp_fu_1075_p1                          |   13|          3|   32|         96|
    |grp_fu_1081_p0                          |   13|          3|   64|        192|
    |i_1_reg_554                             |    9|          2|   31|         62|
    |i_2_reg_727                             |    9|          2|   31|         62|
    |i_reg_390                               |    9|          2|   31|         62|
    |indvars_iv309_i_reg_565                 |    9|          2|   32|         64|
    |indvars_iv339_i_reg_738                 |    9|          2|   32|         64|
    |indvars_iv357_i_reg_401                 |    9|          2|   32|         64|
    |iter_fu_220                             |    9|          2|   32|         64|
    |j_reg_464                               |    9|          2|   64|        128|
    |m_axi_gmem2_0_AWADDR                    |   45|         11|   64|        704|
    |m_axi_gmem2_0_WDATA                     |   37|          9|   32|        288|
    |move_type_2_reg_588                     |    9|          2|   32|         64|
    |move_type_reg_761                       |    9|          2|   32|         64|
    |r1_1_reg_522                            |    9|          2|   32|         64|
    |r1_3_reg_663                            |    9|          2|   32|         64|
    |r1_5_reg_836                            |    9|          2|   32|         64|
    |r1_reg_451                              |    9|          2|   32|         64|
    |r2_1_reg_510                            |    9|          2|   32|         64|
    |r2_3_reg_674                            |    9|          2|   32|         64|
    |r2_5_reg_848                            |    9|          2|   32|         64|
    |r2_reg_438                              |    9|          2|   32|         64|
    |rec_idx_1_fu_224                        |    9|          2|   32|         64|
    |row2_2_reg_599                          |    9|          2|   32|         64|
    |row2_reg_772                            |    9|          2|   32|         64|
    |s_10_reg_638                            |   13|          3|   32|         96|
    |s_11_reg_749                            |    9|          2|   32|         64|
    |s_4_reg_576                             |    9|          2|   32|         64|
    |s_reg_810                               |   13|          3|   32|         96|
    |sign_1_reg_498                          |    9|          2|   32|         64|
    |sign_3_reg_685                          |    9|          2|   32|         64|
    |sign_5_reg_860                          |    9|          2|   32|         64|
    |sign_reg_425                            |    9|          2|   32|         64|
    |tripcount_iv11_in_reg_718               |    9|          2|   33|         66|
    |tripcount_iv_in_reg_545                 |    9|          2|   33|         66|
    +----------------------------------------+-----+-----------+-----+-----------+
    |Total                                   | 1616|        360| 2602|       7425|
    +----------------------------------------+-----+-----------+-----+-----------+

    * Register: 
    +---------------------------------------------------------------------------------------------------------+----+----+-----+-----------+
    |                                                   Name                                                  | FF | LUT| Bits| Const Bits|
    +---------------------------------------------------------------------------------------------------------+----+----+-----+-----------+
    |M_t_load_2_i_reg_380                                                                                     |  32|   0|   32|          0|
    |M_t_load_3_reg_884                                                                                       |  32|   0|   32|          0|
    |M_t_load_4_i10_reg_783                                                                                   |  32|   0|   32|          0|
    |M_t_load_4_i4_reg_823                                                                                    |  32|   0|   32|          0|
    |M_t_load_4_i5_reg_796                                                                                    |  32|   0|   32|          0|
    |M_t_load_4_i7_reg_624                                                                                    |  32|   0|   32|          0|
    |M_t_load_4_i8_reg_610                                                                                    |  32|   0|   32|          0|
    |M_t_load_4_i_reg_474                                                                                     |  32|   0|   32|          0|
    |M_t_load_6_i_reg_651                                                                                     |  32|   0|   32|          0|
    |R_1_reg_3346                                                                                             |  32|   0|   32|          0|
    |R_2_reg_3514                                                                                             |  32|   0|   32|          0|
    |R_reg_3222                                                                                               |  32|   0|   32|          0|
    |add_ln119_5_reg_3504                                                                                     |  11|   0|   17|          6|
    |add_ln119_reg_3336                                                                                       |  11|   0|   17|          6|
    |add_ln135_1_reg_3341                                                                                     |  11|   0|   17|          6|
    |add_ln135_2_reg_3509                                                                                     |  11|   0|   17|          6|
    |add_ln135_reg_3664                                                                                       |  11|   0|   17|          6|
    |add_ln191_1_reg_3548                                                                                     |  32|   0|   32|          0|
    |add_ln191_2_reg_3356                                                                                     |  33|   0|   33|          0|
    |add_ln191_3_reg_3524                                                                                     |  33|   0|   33|          0|
    |add_ln191_reg_3380                                                                                       |  32|   0|   32|          0|
    |add_ln192_2_reg_3533                                                                                     |  31|   0|   31|          0|
    |add_ln192_reg_3365                                                                                       |  31|   0|   31|          0|
    |add_ln224_reg_3241                                                                                       |  31|   0|   31|          0|
    |and_ln171_1_reg_3614                                                                                     |   1|   0|    1|          0|
    |and_ln171_reg_3446                                                                                       |   1|   0|    1|          0|
    |ap_CS_fsm                                                                                                |  82|   0|   82|          0|
    |base_reg_3678                                                                                            |  32|   0|   32|          0|
    |best_score_1_reg_486                                                                                     |  32|   0|   32|          0|
    |best_score_3_reg_696                                                                                     |  32|   0|   32|          0|
    |best_score_5_reg_872                                                                                     |  32|   0|   32|          0|
    |best_score_reg_413                                                                                       |  32|   0|   32|          0|
    |cmp2_i140_i_i_reg_3205                                                                                   |   1|   0|    1|          0|
    |cmp34_i_i_reg_3659                                                                                       |   1|   0|    1|          0|
    |colt_1_reg_3578                                                                                          |  32|   0|   32|          0|
    |colt_reg_3411                                                                                            |  32|   0|   32|          0|
    |empty_46_reg_534                                                                                         |  32|   0|   32|          0|
    |empty_49_reg_3450                                                                                        |   1|   0|    1|          0|
    |empty_50_reg_707                                                                                         |  32|   0|   32|          0|
    |empty_53_reg_3618                                                                                        |   1|   0|    1|          0|
    |gmem2_addr_1_reg_3148                                                                                    |  64|   0|   64|          0|
    |gmem2_addr_2_reg_3170                                                                                    |  64|   0|   64|          0|
    |gmem2_addr_3_reg_3177                                                                                    |  64|   0|   64|          0|
    |gmem2_addr_4_reg_3184                                                                                    |  64|   0|   64|          0|
    |gmem2_addr_5_reg_3686                                                                                    |  64|   0|   64|          0|
    |gmem2_addr_6_reg_3708                                                                                    |  64|   0|   64|          0|
    |gmem2_addr_7_reg_3715                                                                                    |  64|   0|   64|          0|
    |gmem2_addr_8_reg_3722                                                                                    |  64|   0|   64|          0|
    |gmem2_addr_9_reg_3729                                                                                    |  64|   0|   64|          0|
    |grp_greedy_potential_reduce_with_debug_Pipeline_VITIS_LOOP_103_1_VITIS_LOOP_92_111_fu_1055_ap_start_reg  |   1|   0|    1|          0|
    |grp_greedy_potential_reduce_with_debug_Pipeline_VITIS_LOOP_103_1_VITIS_LOOP_92_1_fu_895_ap_start_reg     |   1|   0|    1|          0|
    |grp_greedy_potential_reduce_with_debug_Pipeline_VITIS_LOOP_115_13_fu_915_ap_start_reg                    |   1|   0|    1|          0|
    |grp_greedy_potential_reduce_with_debug_Pipeline_VITIS_LOOP_115_14_fu_979_ap_start_reg                    |   1|   0|    1|          0|
    |grp_greedy_potential_reduce_with_debug_Pipeline_VITIS_LOOP_115_1_fu_904_ap_start_reg                     |   1|   0|    1|          0|
    |grp_greedy_potential_reduce_with_debug_Pipeline_VITIS_LOOP_135_110_fu_1043_ap_start_reg                  |   1|   0|    1|          0|
    |grp_greedy_potential_reduce_with_debug_Pipeline_VITIS_LOOP_135_15_fu_989_ap_start_reg                    |   1|   0|    1|          0|
    |grp_greedy_potential_reduce_with_debug_Pipeline_VITIS_LOOP_135_1_fu_925_ap_start_reg                     |   1|   0|    1|          0|
    |grp_greedy_potential_reduce_with_debug_Pipeline_VITIS_LOOP_157_17_fu_1012_ap_start_reg                   |   1|   0|    1|          0|
    |grp_greedy_potential_reduce_with_debug_Pipeline_VITIS_LOOP_157_1_fu_948_ap_start_reg                     |   1|   0|    1|          0|
    |grp_greedy_potential_reduce_with_debug_Pipeline_VITIS_LOOP_163_28_fu_1021_ap_start_reg                   |   1|   0|    1|          0|
    |grp_greedy_potential_reduce_with_debug_Pipeline_VITIS_LOOP_163_2_fu_957_ap_start_reg                     |   1|   0|    1|          0|
    |grp_greedy_potential_reduce_with_debug_Pipeline_VITIS_LOOP_174_39_fu_1032_ap_start_reg                   |   1|   0|    1|          0|
    |grp_greedy_potential_reduce_with_debug_Pipeline_VITIS_LOOP_174_3_fu_968_ap_start_reg                     |   1|   0|    1|          0|
    |grp_greedy_potential_reduce_with_debug_Pipeline_VITIS_LOOP_192_2_VITIS_LOOP_115_16_fu_999_ap_start_reg   |   1|   0|    1|          0|
    |grp_greedy_potential_reduce_with_debug_Pipeline_VITIS_LOOP_192_2_VITIS_LOOP_115_1_fu_935_ap_start_reg    |   1|   0|    1|          0|
    |i_1_reg_554                                                                                              |  31|   0|   31|          0|
    |i_2_reg_727                                                                                              |  31|   0|   31|          0|
    |i_reg_390                                                                                                |  31|   0|   31|          0|
    |icmp_ln129_1_reg_3321                                                                                    |   1|   0|    1|          0|
    |icmp_ln129_2_reg_3489                                                                                    |   1|   0|    1|          0|
    |icmp_ln133_reg_3649                                                                                      |   1|   0|    1|          0|
    |icmp_ln152_1_reg_3553                                                                                    |   1|   0|    1|          0|
    |icmp_ln152_reg_3385                                                                                      |   1|   0|    1|          0|
    |icmp_ln163_1_reg_3605                                                                                    |   1|   0|    1|          0|
    |icmp_ln163_reg_3437                                                                                      |   1|   0|    1|          0|
    |icmp_ln208_1_reg_3479                                                                                    |   1|   0|    1|          0|
    |icmp_ln224_1_reg_3289                                                                                    |   1|   0|    1|          0|
    |icmp_ln228_reg_3308                                                                                      |   1|   0|    1|          0|
    |icmp_ln232_reg_3475                                                                                      |   1|   0|    1|          0|
    |icmp_ln244_reg_3081                                                                                      |   1|   0|    1|          0|
    |icmp_ln248_reg_3092                                                                                      |   1|   0|    1|          0|
    |icmp_ln262_reg_3262                                                                                      |   1|   0|    1|          0|
    |icmp_ln265_reg_3674                                                                                      |   1|   0|    1|          0|
    |indvars_iv309_i_reg_565                                                                                  |  32|   0|   32|          0|
    |indvars_iv339_i_reg_738                                                                                  |  32|   0|   32|          0|
    |indvars_iv357_i_reg_401                                                                                  |  32|   0|   32|          0|
    |iter_fu_220                                                                                              |  32|   0|   32|          0|
    |iter_load_1_reg_3736                                                                                     |  32|   0|   32|          0|
    |j_reg_464                                                                                                |  64|   0|   64|          0|
    |move_type_1_loc_fu_192                                                                                   |  32|   0|   32|          0|
    |move_type_2_reg_588                                                                                      |  32|   0|   32|          0|
    |move_type_4_loc_fu_172                                                                                   |  32|   0|   32|          0|
    |move_type_reg_761                                                                                        |  32|   0|   32|          0|
    |mul_ln214_1_reg_3633                                                                                     |  32|   0|   32|          0|
    |mul_ln214_reg_3465                                                                                       |  32|   0|   32|          0|
    |new_col_2_reg_3493                                                                                       |  32|   0|   32|          0|
    |new_col_3_reg_3274                                                                                       |  32|   0|   32|          0|
    |new_col_reg_3325                                                                                         |  32|   0|   32|          0|
    |new_row_1_reg_3330                                                                                       |   9|   0|    9|          0|
    |new_row_2_reg_3498                                                                                       |   9|   0|    9|          0|
    |new_row_reg_3643                                                                                         |   9|   0|    9|          0|
    |r1_1_reg_522                                                                                             |  32|   0|   32|          0|
    |r1_3_reg_663                                                                                             |  32|   0|   32|          0|
    |r1_5_reg_836                                                                                             |  32|   0|   32|          0|
    |r1_reg_451                                                                                               |  32|   0|   32|          0|
    |r2_1_reg_510                                                                                             |  32|   0|   32|          0|
    |r2_3_reg_674                                                                                             |  32|   0|   32|          0|
    |r2_5_reg_848                                                                                             |  32|   0|   32|          0|
    |r2_reg_438                                                                                               |  32|   0|   32|          0|
    |r_4_reg_3596                                                                                             |  32|   0|   32|          0|
    |r_reg_3432                                                                                               |  32|   0|   32|          0|
    |rec_capacity_reg_3086                                                                                    |  29|   0|   29|          0|
    |rec_idx_1_fu_224                                                                                         |  32|   0|   32|          0|
    |rec_idx_reg_368                                                                                          |   1|   0|    1|          0|
    |reg_1093                                                                                                 |  62|   0|   62|          0|
    |reg_1099                                                                                                 |  95|   0|   95|          0|
    |row2_1_loc_fu_188                                                                                        |  32|   0|   32|          0|
    |row2_2_reg_599                                                                                           |  32|   0|   32|          0|
    |row2_4_loc_fu_168                                                                                        |  32|   0|   32|          0|
    |row2_reg_772                                                                                             |  32|   0|   32|          0|
    |rowt_1_reg_3573                                                                                          |  32|   0|   32|          0|
    |rowt_reg_3405                                                                                            |  32|   0|   32|          0|
    |s_10_reg_638                                                                                             |  32|   0|   32|          0|
    |s_11_reg_749                                                                                             |  32|   0|   32|          0|
    |s_16_loc_fu_180                                                                                          |  32|   0|   32|          0|
    |s_1_loc_fu_216                                                                                           |  32|   0|   32|          0|
    |s_3_loc_fu_164                                                                                           |  32|   0|   32|          0|
    |s_4_reg_576                                                                                              |  32|   0|   32|          0|
    |s_9_loc_fu_200                                                                                           |  32|   0|   32|          0|
    |s_reg_810                                                                                                |  32|   0|   32|          0|
    |score_2_reg_3483                                                                                         |  32|   0|   32|          0|
    |score_reg_3315                                                                                           |  32|   0|   32|          0|
    |sext_ln223_reg_3227                                                                                      |  64|   0|   64|          0|
    |sign_1_reg_498                                                                                           |  32|   0|   32|          0|
    |sign_3_reg_685                                                                                           |  32|   0|   32|          0|
    |sign_5_reg_860                                                                                           |  32|   0|   32|          0|
    |sign_reg_425                                                                                             |  32|   0|   32|          0|
    |smax1_reg_3165                                                                                           |  31|   0|   31|          0|
    |smax21_reg_3698                                                                                          |  31|   0|   31|          0|
    |smax22_reg_3703                                                                                          |  31|   0|   31|          0|
    |smax_reg_3160                                                                                            |  31|   0|   31|          0|
    |t_old_1_reg_3557                                                                                         |  32|   0|   32|          0|
    |t_old_reg_3389                                                                                           |  32|   0|   32|          0|
    |total_rows_1_reg_3693                                                                                    |  32|   0|   32|          0|
    |total_rows_reg_3155                                                                                      |  32|   0|   32|          0|
    |tripcount_iv11_in_reg_718                                                                                |  33|   0|   33|          0|
    |tripcount_iv_in_reg_545                                                                                  |  33|   0|   33|          0|
    |trunc_ln117_2_reg_3251                                                                                   |  11|   0|   17|          6|
    |trunc_ln117_5_reg_3375                                                                                   |  11|   0|   17|          6|
    |trunc_ln117_8_reg_3543                                                                                   |  11|   0|   17|          6|
    |trunc_ln129_reg_3266                                                                                     |   9|   0|    9|          0|
    |trunc_ln132_2_reg_3279                                                                                   |  11|   0|   17|          6|
    |trunc_ln132_3_reg_3284                                                                                   |  17|   0|   17|          0|
    |trunc_ln133_2_reg_3654                                                                                   |  11|   0|   17|          6|
    |trunc_ln156_1_reg_3609                                                                                   |   2|   0|    2|          0|
    |trunc_ln156_reg_3441                                                                                     |   2|   0|    2|          0|
    |trunc_ln157_1_reg_3583                                                                                   |  17|   0|   17|          0|
    |trunc_ln157_reg_3416                                                                                     |  17|   0|   17|          0|
    |trunc_ln172_2_reg_3454                                                                                   |  11|   0|   17|          6|
    |trunc_ln172_5_reg_3622                                                                                   |  11|   0|   17|          6|
    |trunc_ln173_2_reg_3459                                                                                   |  11|   0|   17|          6|
    |trunc_ln173_5_reg_3627                                                                                   |  11|   0|   17|          6|
    |trunc_ln176_2_reg_3424                                                                                   |  11|   0|   17|          6|
    |trunc_ln176_5_reg_3591                                                                                   |  11|   0|   17|          6|
    |trunc_ln192_1_reg_3538                                                                                   |  31|   0|   31|          0|
    |trunc_ln192_reg_3370                                                                                     |  31|   0|   31|          0|
    |trunc_ln224_reg_3293                                                                                     |  17|   0|   17|          0|
    |trunc_ln248_1_reg_3135                                                                                   |   9|   0|    9|          0|
    |trunc_ln248_reg_3127                                                                                     |  31|   0|   31|          0|
    |zext_ln224_1_reg_3232                                                                                    |  31|   0|   32|          1|
    |zext_ln244_reg_3119                                                                                      |  29|   0|   32|          3|
    |zext_ln259_reg_3212                                                                                      |  31|   0|   95|         64|
    +---------------------------------------------------------------------------------------------------------+----+----+-----+-----------+
    |Total                                                                                                    |4233|   0| 4397|        164|
    +---------------------------------------------------------------------------------------------------------+----+----+-----+-----------+



================================================================
== Interface
================================================================
* Summary: 
+------------------------+-----+-----+------------+------------------------------------+--------------+
|        RTL Ports       | Dir | Bits|  Protocol  |            Source Object           |    C Type    |
+------------------------+-----+-----+------------+------------------------------------+--------------+
|ap_clk                  |   in|    1|  ap_ctrl_hs|  greedy_potential_reduce_with_debug|  return value|
|ap_rst                  |   in|    1|  ap_ctrl_hs|  greedy_potential_reduce_with_debug|  return value|
|ap_start                |   in|    1|  ap_ctrl_hs|  greedy_potential_reduce_with_debug|  return value|
|ap_done                 |  out|    1|  ap_ctrl_hs|  greedy_potential_reduce_with_debug|  return value|
|ap_idle                 |  out|    1|  ap_ctrl_hs|  greedy_potential_reduce_with_debug|  return value|
|ap_ready                |  out|    1|  ap_ctrl_hs|  greedy_potential_reduce_with_debug|  return value|
|k1                      |   in|   32|     ap_none|                                  k1|        scalar|
|k2                      |   in|   32|     ap_none|                                  k2|        scalar|
|m_axi_gmem2_0_AWVALID   |  out|    1|       m_axi|                               gmem2|       pointer|
|m_axi_gmem2_0_AWREADY   |   in|    1|       m_axi|                               gmem2|       pointer|
|m_axi_gmem2_0_AWADDR    |  out|   64|       m_axi|                               gmem2|       pointer|
|m_axi_gmem2_0_AWID      |  out|    1|       m_axi|                               gmem2|       pointer|
|m_axi_gmem2_0_AWLEN     |  out|   32|       m_axi|                               gmem2|       pointer|
|m_axi_gmem2_0_AWSIZE    |  out|    3|       m_axi|                               gmem2|       pointer|
|m_axi_gmem2_0_AWBURST   |  out|    2|       m_axi|                               gmem2|       pointer|
|m_axi_gmem2_0_AWLOCK    |  out|    2|       m_axi|                               gmem2|       pointer|
|m_axi_gmem2_0_AWCACHE   |  out|    4|       m_axi|                               gmem2|       pointer|
|m_axi_gmem2_0_AWPROT    |  out|    3|       m_axi|                               gmem2|       pointer|
|m_axi_gmem2_0_AWQOS     |  out|    4|       m_axi|                               gmem2|       pointer|
|m_axi_gmem2_0_AWREGION  |  out|    4|       m_axi|                               gmem2|       pointer|
|m_axi_gmem2_0_AWUSER    |  out|    1|       m_axi|                               gmem2|       pointer|
|m_axi_gmem2_0_WVALID    |  out|    1|       m_axi|                               gmem2|       pointer|
|m_axi_gmem2_0_WREADY    |   in|    1|       m_axi|                               gmem2|       pointer|
|m_axi_gmem2_0_WDATA     |  out|   32|       m_axi|                               gmem2|       pointer|
|m_axi_gmem2_0_WSTRB     |  out|    4|       m_axi|                               gmem2|       pointer|
|m_axi_gmem2_0_WLAST     |  out|    1|       m_axi|                               gmem2|       pointer|
|m_axi_gmem2_0_WID       |  out|    1|       m_axi|                               gmem2|       pointer|
|m_axi_gmem2_0_WUSER     |  out|    1|       m_axi|                               gmem2|       pointer|
|m_axi_gmem2_0_ARVALID   |  out|    1|       m_axi|                               gmem2|       pointer|
|m_axi_gmem2_0_ARREADY   |   in|    1|       m_axi|                               gmem2|       pointer|
|m_axi_gmem2_0_ARADDR    |  out|   64|       m_axi|                               gmem2|       pointer|
|m_axi_gmem2_0_ARID      |  out|    1|       m_axi|                               gmem2|       pointer|
|m_axi_gmem2_0_ARLEN     |  out|   32|       m_axi|                               gmem2|       pointer|
|m_axi_gmem2_0_ARSIZE    |  out|    3|       m_axi|                               gmem2|       pointer|
|m_axi_gmem2_0_ARBURST   |  out|    2|       m_axi|                               gmem2|       pointer|
|m_axi_gmem2_0_ARLOCK    |  out|    2|       m_axi|                               gmem2|       pointer|
|m_axi_gmem2_0_ARCACHE   |  out|    4|       m_axi|                               gmem2|       pointer|
|m_axi_gmem2_0_ARPROT    |  out|    3|       m_axi|                               gmem2|       pointer|
|m_axi_gmem2_0_ARQOS     |  out|    4|       m_axi|                               gmem2|       pointer|
|m_axi_gmem2_0_ARREGION  |  out|    4|       m_axi|                               gmem2|       pointer|
|m_axi_gmem2_0_ARUSER    |  out|    1|       m_axi|                               gmem2|       pointer|
|m_axi_gmem2_0_RVALID    |   in|    1|       m_axi|                               gmem2|       pointer|
|m_axi_gmem2_0_RREADY    |  out|    1|       m_axi|                               gmem2|       pointer|
|m_axi_gmem2_0_RDATA     |   in|   32|       m_axi|                               gmem2|       pointer|
|m_axi_gmem2_0_RLAST     |   in|    1|       m_axi|                               gmem2|       pointer|
|m_axi_gmem2_0_RID       |   in|    1|       m_axi|                               gmem2|       pointer|
|m_axi_gmem2_0_RFIFONUM  |   in|    9|       m_axi|                               gmem2|       pointer|
|m_axi_gmem2_0_RUSER     |   in|    1|       m_axi|                               gmem2|       pointer|
|m_axi_gmem2_0_RRESP     |   in|    2|       m_axi|                               gmem2|       pointer|
|m_axi_gmem2_0_BVALID    |   in|    1|       m_axi|                               gmem2|       pointer|
|m_axi_gmem2_0_BREADY    |  out|    1|       m_axi|                               gmem2|       pointer|
|m_axi_gmem2_0_BRESP     |   in|    2|       m_axi|                               gmem2|       pointer|
|m_axi_gmem2_0_BID       |   in|    1|       m_axi|                               gmem2|       pointer|
|m_axi_gmem2_0_BUSER     |   in|    1|       m_axi|                               gmem2|       pointer|
|debug_dram              |   in|   64|     ap_none|                          debug_dram|        scalar|
|debug_capacity          |   in|   32|     ap_none|                      debug_capacity|        scalar|
|M_e_address0            |  out|   17|   ap_memory|                                 M_e|         array|
|M_e_ce0                 |  out|    1|   ap_memory|                                 M_e|         array|
|M_e_we0                 |  out|    1|   ap_memory|                                 M_e|         array|
|M_e_d0                  |  out|   32|   ap_memory|                                 M_e|         array|
|M_e_q0                  |   in|   32|   ap_memory|                                 M_e|         array|
|M_e_address1            |  out|   17|   ap_memory|                                 M_e|         array|
|M_e_ce1                 |  out|    1|   ap_memory|                                 M_e|         array|
|M_e_we1                 |  out|    1|   ap_memory|                                 M_e|         array|
|M_e_d1                  |  out|   32|   ap_memory|                                 M_e|         array|
|M_e_q1                  |   in|   32|   ap_memory|                                 M_e|         array|
|M_cols                  |   in|   32|     ap_none|                              M_cols|       pointer|
|M_rows                  |   in|   32|     ap_none|                              M_rows|       pointer|
|M_t_i                   |   in|   32|     ap_ovld|                                 M_t|       pointer|
|M_t_o                   |  out|   32|     ap_ovld|                                 M_t|       pointer|
|M_t_o_ap_vld            |  out|    1|     ap_ovld|                                 M_t|       pointer|
|M_t_capacity            |   in|   32|     ap_none|                        M_t_capacity|       pointer|
+------------------------+-----+-----+------------+------------------------------------+--------------+

