

================================================================
== Vitis HLS Report for 'load_matrix_from_dram_Pipeline_VITIS_LOOP_56_3_VITIS_LOOP_57_4'
================================================================
* Date:           Sun Feb 22 21:56:41 2026

* Version:        2025.1 (Build 6135595 on May 21 2025)
* Project:        ASIC
* Solution:       hls (Vivado IP Flow Target)
* Product family: artix7
* Target device:  xc7a200t-fbg676-1


================================================================
== Performance Estimates
================================================================
+ Timing: 
    * Summary: 
    +--------+----------+----------+------------+
    |  Clock |  Target  | Estimated| Uncertainty|
    +--------+----------+----------+------------+
    |ap_clk  |  10.00 ns|  8.455 ns|     1.00 ns|
    +--------+----------+----------+------------+

+ Latency: 
    * Summary: 
    +---------+---------+----------+----------+-----+-----+------------------------------------------------+
    |  Latency (cycles) |  Latency (absolute) |  Interval |                    Pipeline                    |
    |   min   |   max   |    min   |    max   | min | max |                      Type                      |
    +---------+---------+----------+----------+-----+-----+------------------------------------------------+
    |        ?|        ?|         ?|         ?|    0|    0|  loop auto-rewind stp (delay=0 clock cycles(s))|
    +---------+---------+----------+----------+-----+-----+------------------------------------------------+

    + Detail: 
        * Instance: 
        N/A

        * Loop: 
        +-----------------------------------+---------+---------+----------+-----------+-----------+------+----------+
        |                                   |  Latency (cycles) | Iteration|  Initiation Interval  | Trip |          |
        |             Loop Name             |   min   |   max   |  Latency |  achieved |   target  | Count| Pipelined|
        +-----------------------------------+---------+---------+----------+-----------+-----------+------+----------+
        |- VITIS_LOOP_56_3_VITIS_LOOP_57_4  |        ?|        ?|         3|          1|          1|     ?|       yes|
        +-----------------------------------+---------+---------+----------+-----------+-----------+------+----------+

============================================================
+ Verbose Summary: Synthesis Manager
============================================================
InlineROM: 1
ExposeGlobal: 0
============================================================
+ Verbose Summary: CDFG Model
============================================================
IsTopModel: 0
ResetActiveHigh: 1
IsCombinational: 0
IsDatapathOnly: 0
HasWiredReturn: 1
HasMFsm: 2
HasVarLatency: 1
IsPipeline: 0
IsRtlPipelined: 0
IsInstanceOverlapped: 0
IsDontTouch: 0
HasImplIP: 0
IsGatedGlobalClock: 0

+ Individual pipeline summary: 
  * Pipeline-0: initiation interval (II) = 1, depth = 4


============================================================
+ Verbose Summary: Schedule
============================================================
* Number of FSM states : 4
* Pipeline : 1
  Pipeline-0 : II = 1, D = 4, States = { 1 2 3 4 }
* Dataflow Pipeline: 0

* FSM state transitions: 
1 --> 2 
2 --> 3 
3 --> 4 
4 --> 

* FSM state operations: 

State 1 <SV = 0> <Delay = 1.61>
ST_1 : Operation 6 [1/1] (0.00ns)   --->   "%c_1 = alloca i32 1" [gp.cpp:57]   --->   Operation 6 'alloca' 'c_1' <Predicate = true> <Delay = 0.00>
ST_1 : Operation 7 [1/1] (0.00ns)   --->   "%r = alloca i32 1" [gp.cpp:56]   --->   Operation 7 'alloca' 'r' <Predicate = true> <Delay = 0.00>
ST_1 : Operation 8 [1/1] (0.00ns)   --->   "%indvar_flatten7 = alloca i32 1"   --->   Operation 8 'alloca' 'indvar_flatten7' <Predicate = true> <Delay = 0.00>
ST_1 : Operation 9 [1/1] (0.00ns)   --->   "%specmemcore_ln0 = specmemcore void @_ssdm_op_SpecMemCore, i32 %M_e_0, i64 666, i64 19, i64 18446744073709551615"   --->   Operation 9 'specmemcore' 'specmemcore_ln0' <Predicate = true> <Delay = 0.00>
ST_1 : Operation 10 [1/1] (0.00ns)   --->   "%specmemcore_ln0 = specmemcore void @_ssdm_op_SpecMemCore, i32 %M_e_1, i64 666, i64 19, i64 18446744073709551615"   --->   Operation 10 'specmemcore' 'specmemcore_ln0' <Predicate = true> <Delay = 0.00>
ST_1 : Operation 11 [1/1] (0.00ns)   --->   "%specmemcore_ln0 = specmemcore void @_ssdm_op_SpecMemCore, i32 %M_e_2, i64 666, i64 19, i64 18446744073709551615"   --->   Operation 11 'specmemcore' 'specmemcore_ln0' <Predicate = true> <Delay = 0.00>
ST_1 : Operation 12 [1/1] (0.00ns)   --->   "%specmemcore_ln0 = specmemcore void @_ssdm_op_SpecMemCore, i32 %M_e_3, i64 666, i64 19, i64 18446744073709551615"   --->   Operation 12 'specmemcore' 'specmemcore_ln0' <Predicate = true> <Delay = 0.00>
ST_1 : Operation 13 [1/1] (0.00ns)   --->   "%A_dram_read_1 = read i32 @_ssdm_op_Read.ap_auto.i32, i32 %A_dram_read"   --->   Operation 13 'read' 'A_dram_read_1' <Predicate = true> <Delay = 0.00>
ST_1 : Operation 14 [1/1] (0.00ns)   --->   "%bound5_read = read i62 @_ssdm_op_Read.ap_auto.i62, i62 %bound5"   --->   Operation 14 'read' 'bound5_read' <Predicate = true> <Delay = 0.00>
ST_1 : Operation 15 [1/1] (0.00ns)   --->   "%cols_read = read i32 @_ssdm_op_Read.ap_auto.i32, i32 %cols"   --->   Operation 15 'read' 'cols_read' <Predicate = true> <Delay = 0.00>
ST_1 : Operation 16 [1/1] (1.61ns)   --->   "%store_ln0 = store i62 0, i62 %indvar_flatten7"   --->   Operation 16 'store' 'store_ln0' <Predicate = true> <Delay = 1.61>
ST_1 : Operation 17 [1/1] (1.61ns)   --->   "%store_ln56 = store i31 0, i31 %r" [gp.cpp:56]   --->   Operation 17 'store' 'store_ln56' <Predicate = true> <Delay = 1.61>
ST_1 : Operation 18 [1/1] (1.61ns)   --->   "%store_ln57 = store i31 0, i31 %c_1" [gp.cpp:57]   --->   Operation 18 'store' 'store_ln57' <Predicate = true> <Delay = 1.61>
ST_1 : Operation 19 [1/1] (0.00ns)   --->   "%br_ln0 = br void %for.inc33"   --->   Operation 19 'br' 'br_ln0' <Predicate = true> <Delay = 0.00>

State 2 <SV = 1> <Delay = 5.11>
ST_2 : Operation 20 [1/1] (0.00ns)   --->   "%indvar_flatten7_load = load i62 %indvar_flatten7" [gp.cpp:56]   --->   Operation 20 'load' 'indvar_flatten7_load' <Predicate = true> <Delay = 0.00>
ST_2 : Operation 21 [1/1] (3.50ns)   --->   "%icmp_ln56 = icmp_eq  i62 %indvar_flatten7_load, i62 %bound5_read" [gp.cpp:56]   --->   Operation 21 'icmp' 'icmp_ln56' <Predicate = true> <Delay = 3.50> <CoreInst = "Cmp">   --->   Core 9 'Cmp' <Latency = 0> <II = 1> <Delay = 3.50> <FuncUnit> <Opcode : 'seteq' 'setne' 'setle' 'setge' 'setlt' 'setgt'> <InPorts = 2> <OutPorts = 1>
ST_2 : Operation 22 [1/1] (3.50ns)   --->   "%add_ln56_1 = add i62 %indvar_flatten7_load, i62 1" [gp.cpp:56]   --->   Operation 22 'add' 'add_ln56_1' <Predicate = true> <Delay = 3.50> <CoreInst = "Adder">   --->   Core 1 'Adder' <Latency = 0> <II = 1> <Delay = 3.50> <FuncUnit> <Opcode : 'add' 'sub'> <InPorts = 2> <OutPorts = 1>
ST_2 : Operation 23 [1/1] (0.00ns)   --->   "%br_ln56 = br i1 %icmp_ln56, void %for.inc36, void %for.end38.exitStub" [gp.cpp:56]   --->   Operation 23 'br' 'br_ln56' <Predicate = true> <Delay = 0.00>
ST_2 : Operation 24 [1/1] (1.61ns)   --->   "%store_ln56 = store i62 %add_ln56_1, i62 %indvar_flatten7" [gp.cpp:56]   --->   Operation 24 'store' 'store_ln56' <Predicate = (!icmp_ln56)> <Delay = 1.61>

State 3 <SV = 2> <Delay = 8.45>
ST_3 : Operation 25 [1/1] (0.00ns)   --->   "%c = load i31 %c_1" [gp.cpp:57]   --->   Operation 25 'load' 'c' <Predicate = true> <Delay = 0.00>
ST_3 : Operation 26 [1/1] (0.00ns)   --->   "%zext_ln57 = zext i31 %c" [gp.cpp:57]   --->   Operation 26 'zext' 'zext_ln57' <Predicate = true> <Delay = 0.00>
ST_3 : Operation 27 [1/1] (2.70ns)   --->   "%icmp_ln57 = icmp_slt  i32 %zext_ln57, i32 %cols_read" [gp.cpp:57]   --->   Operation 27 'icmp' 'icmp_ln57' <Predicate = true> <Delay = 2.70> <CoreInst = "Cmp">   --->   Core 9 'Cmp' <Latency = 0> <II = 1> <Delay = 2.70> <FuncUnit> <Opcode : 'seteq' 'setne' 'setle' 'setge' 'setlt' 'setgt'> <InPorts = 2> <OutPorts = 1>
ST_3 : Operation 28 [1/1] (0.00ns)   --->   "%r_load = load i31 %r" [gp.cpp:56]   --->   Operation 28 'load' 'r_load' <Predicate = (!icmp_ln56)> <Delay = 0.00>
ST_3 : Operation 29 [1/1] (2.66ns)   --->   "%add_ln56 = add i31 %r_load, i31 1" [gp.cpp:56]   --->   Operation 29 'add' 'add_ln56' <Predicate = (!icmp_ln56)> <Delay = 2.66> <CoreInst = "Adder">   --->   Core 1 'Adder' <Latency = 0> <II = 1> <Delay = 2.66> <FuncUnit> <Opcode : 'add' 'sub'> <InPorts = 2> <OutPorts = 1>
ST_3 : Operation 30 [1/1] (0.94ns)   --->   "%select_ln56 = select i1 %icmp_ln57, i31 %c, i31 0" [gp.cpp:56]   --->   Operation 30 'select' 'select_ln56' <Predicate = (!icmp_ln56)> <Delay = 0.94> <CoreInst = "Sel">   --->   Core 73 'Sel' <Latency = 0> <II = 1> <Delay = 0.94> <FuncUnit> <Opcode : 'select'> <InPorts = 3> <OutPorts = 1>
ST_3 : Operation 31 [1/1] (0.94ns)   --->   "%select_ln56_1 = select i1 %icmp_ln57, i31 %r_load, i31 %add_ln56" [gp.cpp:56]   --->   Operation 31 'select' 'select_ln56_1' <Predicate = (!icmp_ln56)> <Delay = 0.94> <CoreInst = "Sel">   --->   Core 73 'Sel' <Latency = 0> <II = 1> <Delay = 0.94> <FuncUnit> <Opcode : 'select'> <InPorts = 3> <OutPorts = 1>
ST_3 : Operation 32 [1/1] (0.00ns) (grouped into LUT with out node add_ln59_1)   --->   "%shl_ln59 = shl i31 %select_ln56_1, i31 6" [gp.cpp:59]   --->   Operation 32 'shl' 'shl_ln59' <Predicate = (!icmp_ln56)> <Delay = 0.00>
ST_3 : Operation 33 [1/1] (0.00ns) (grouped into LUT with out node add_ln59_1)   --->   "%shl_ln59_1 = shl i31 %select_ln56_1, i31 4" [gp.cpp:59]   --->   Operation 33 'shl' 'shl_ln59_1' <Predicate = (!icmp_ln56)> <Delay = 0.00>
ST_3 : Operation 34 [1/1] (2.66ns) (out node of the LUT)   --->   "%add_ln59_1 = add i31 %shl_ln59, i31 %shl_ln59_1" [gp.cpp:59]   --->   Operation 34 'add' 'add_ln59_1' <Predicate = (!icmp_ln56)> <Delay = 2.66> <CoreInst = "Adder">   --->   Core 1 'Adder' <Latency = 0> <II = 1> <Delay = 2.66> <FuncUnit> <Opcode : 'add' 'sub'> <InPorts = 2> <OutPorts = 1>
ST_3 : Operation 35 [1/1] (0.00ns)   --->   "%trunc_ln59 = trunc i31 %add_ln59_1" [gp.cpp:59]   --->   Operation 35 'trunc' 'trunc_ln59' <Predicate = (!icmp_ln56)> <Delay = 0.00>
ST_3 : Operation 36 [1/1] (0.00ns)   --->   "%trunc_ln57 = trunc i31 %select_ln56" [gp.cpp:57]   --->   Operation 36 'trunc' 'trunc_ln57' <Predicate = (!icmp_ln56)> <Delay = 0.00>
ST_3 : Operation 37 [1/1] (0.00ns)   --->   "%lshr_ln1 = partselect i15 @_ssdm_op_PartSelect.i15.i31.i32.i32, i31 %select_ln56, i32 2, i32 16" [gp.cpp:57]   --->   Operation 37 'partselect' 'lshr_ln1' <Predicate = (!icmp_ln56)> <Delay = 0.00>
ST_3 : Operation 38 [1/1] (2.14ns)   --->   "%add_ln59 = add i15 %trunc_ln59, i15 %lshr_ln1" [gp.cpp:59]   --->   Operation 38 'add' 'add_ln59' <Predicate = (!icmp_ln56)> <Delay = 2.14> <CoreInst = "Adder">   --->   Core 1 'Adder' <Latency = 0> <II = 1> <Delay = 2.14> <FuncUnit> <Opcode : 'add' 'sub'> <InPorts = 2> <OutPorts = 1>
ST_3 : Operation 39 [1/1] (1.58ns)   --->   "%switch_ln59 = switch i2 %trunc_ln57, void %arrayidx322.case.3, i2 0, void %arrayidx322.case.0, i2 1, void %arrayidx322.case.1, i2 2, void %arrayidx322.case.2" [gp.cpp:59]   --->   Operation 39 'switch' 'switch_ln59' <Predicate = (!icmp_ln56)> <Delay = 1.58>
ST_3 : Operation 40 [1/1] (2.66ns)   --->   "%add_ln57 = add i31 %select_ln56, i31 1" [gp.cpp:57]   --->   Operation 40 'add' 'add_ln57' <Predicate = (!icmp_ln56)> <Delay = 2.66> <CoreInst = "Adder">   --->   Core 1 'Adder' <Latency = 0> <II = 1> <Delay = 2.66> <FuncUnit> <Opcode : 'add' 'sub'> <InPorts = 2> <OutPorts = 1>
ST_3 : Operation 41 [1/1] (1.61ns)   --->   "%store_ln56 = store i31 %select_ln56_1, i31 %r" [gp.cpp:56]   --->   Operation 41 'store' 'store_ln56' <Predicate = (!icmp_ln56)> <Delay = 1.61>
ST_3 : Operation 42 [1/1] (1.61ns)   --->   "%store_ln57 = store i31 %add_ln57, i31 %c_1" [gp.cpp:57]   --->   Operation 42 'store' 'store_ln57' <Predicate = (!icmp_ln56)> <Delay = 1.61>
ST_3 : Operation 43 [1/1] (0.00ns)   --->   "%br_ln57 = br void %for.inc33" [gp.cpp:57]   --->   Operation 43 'br' 'br_ln57' <Predicate = (!icmp_ln56)> <Delay = 0.00>
ST_3 : Operation 59 [1/1] (1.61ns)   --->   "%ret_ln0 = ret"   --->   Operation 59 'ret' 'ret_ln0' <Predicate = (icmp_ln56)> <Delay = 1.61>

State 4 <SV = 3> <Delay = 2.15>
ST_4 : Operation 44 [1/1] (0.00ns)   --->   "%specloopname_ln0 = specloopname void @_ssdm_op_SpecLoopName, void @VITIS_LOOP_56_3_VITIS_LOOP_57_4_str"   --->   Operation 44 'specloopname' 'specloopname_ln0' <Predicate = true> <Delay = 0.00>
ST_4 : Operation 45 [1/1] (0.00ns)   --->   "%specpipeline_ln57 = specpipeline void @_ssdm_op_SpecPipeline, i32 4294967295, i32 0, i32 0, i32 0, void @empty_0" [gp.cpp:57]   --->   Operation 45 'specpipeline' 'specpipeline_ln57' <Predicate = true> <Delay = 0.00>
ST_4 : Operation 46 [1/1] (0.00ns)   --->   "%zext_ln59 = zext i15 %add_ln59" [gp.cpp:59]   --->   Operation 46 'zext' 'zext_ln59' <Predicate = true> <Delay = 0.00>
ST_4 : Operation 47 [1/1] (0.00ns)   --->   "%M_e_0_addr = getelementptr i32 %M_e_0, i64 0, i64 %zext_ln59" [gp.cpp:59]   --->   Operation 47 'getelementptr' 'M_e_0_addr' <Predicate = true> <Delay = 0.00>
ST_4 : Operation 48 [1/1] (0.00ns)   --->   "%M_e_1_addr = getelementptr i32 %M_e_1, i64 0, i64 %zext_ln59" [gp.cpp:59]   --->   Operation 48 'getelementptr' 'M_e_1_addr' <Predicate = true> <Delay = 0.00>
ST_4 : Operation 49 [1/1] (0.00ns)   --->   "%M_e_2_addr = getelementptr i32 %M_e_2, i64 0, i64 %zext_ln59" [gp.cpp:59]   --->   Operation 49 'getelementptr' 'M_e_2_addr' <Predicate = true> <Delay = 0.00>
ST_4 : Operation 50 [1/1] (0.00ns)   --->   "%M_e_3_addr = getelementptr i32 %M_e_3, i64 0, i64 %zext_ln59" [gp.cpp:59]   --->   Operation 50 'getelementptr' 'M_e_3_addr' <Predicate = true> <Delay = 0.00>
ST_4 : Operation 51 [1/1] ( I:2.15ns O:2.15ns )   --->   "%store_ln59 = store i32 %A_dram_read_1, i15 %M_e_2_addr" [gp.cpp:59]   --->   Operation 51 'store' 'store_ln59' <Predicate = (trunc_ln57 == 2)> <Delay = 2.15> <CoreInst = "RAM_1P_LUTRAM">   --->   Core 86 'RAM_1P_LUTRAM' <Latency = 1> <II = 1> <Delay = 2.15> <Storage> <Opcode : 'load' 'store'> <Ports = 1> <Width = 32> <Depth = 25600> <RAM>
ST_4 : Operation 52 [1/1] (0.00ns)   --->   "%br_ln59 = br void %arrayidx322.exit" [gp.cpp:59]   --->   Operation 52 'br' 'br_ln59' <Predicate = (trunc_ln57 == 2)> <Delay = 0.00>
ST_4 : Operation 53 [1/1] ( I:2.15ns O:2.15ns )   --->   "%store_ln59 = store i32 %A_dram_read_1, i15 %M_e_1_addr" [gp.cpp:59]   --->   Operation 53 'store' 'store_ln59' <Predicate = (trunc_ln57 == 1)> <Delay = 2.15> <CoreInst = "RAM_1P_LUTRAM">   --->   Core 86 'RAM_1P_LUTRAM' <Latency = 1> <II = 1> <Delay = 2.15> <Storage> <Opcode : 'load' 'store'> <Ports = 1> <Width = 32> <Depth = 25600> <RAM>
ST_4 : Operation 54 [1/1] (0.00ns)   --->   "%br_ln59 = br void %arrayidx322.exit" [gp.cpp:59]   --->   Operation 54 'br' 'br_ln59' <Predicate = (trunc_ln57 == 1)> <Delay = 0.00>
ST_4 : Operation 55 [1/1] ( I:2.15ns O:2.15ns )   --->   "%store_ln59 = store i32 %A_dram_read_1, i15 %M_e_0_addr" [gp.cpp:59]   --->   Operation 55 'store' 'store_ln59' <Predicate = (trunc_ln57 == 0)> <Delay = 2.15> <CoreInst = "RAM_1P_LUTRAM">   --->   Core 86 'RAM_1P_LUTRAM' <Latency = 1> <II = 1> <Delay = 2.15> <Storage> <Opcode : 'load' 'store'> <Ports = 1> <Width = 32> <Depth = 25600> <RAM>
ST_4 : Operation 56 [1/1] (0.00ns)   --->   "%br_ln59 = br void %arrayidx322.exit" [gp.cpp:59]   --->   Operation 56 'br' 'br_ln59' <Predicate = (trunc_ln57 == 0)> <Delay = 0.00>
ST_4 : Operation 57 [1/1] ( I:2.15ns O:2.15ns )   --->   "%store_ln59 = store i32 %A_dram_read_1, i15 %M_e_3_addr" [gp.cpp:59]   --->   Operation 57 'store' 'store_ln59' <Predicate = (trunc_ln57 == 3)> <Delay = 2.15> <CoreInst = "RAM_1P_LUTRAM">   --->   Core 86 'RAM_1P_LUTRAM' <Latency = 1> <II = 1> <Delay = 2.15> <Storage> <Opcode : 'load' 'store'> <Ports = 1> <Width = 32> <Depth = 25600> <RAM>
ST_4 : Operation 58 [1/1] (0.00ns)   --->   "%br_ln59 = br void %arrayidx322.exit" [gp.cpp:59]   --->   Operation 58 'br' 'br_ln59' <Predicate = (trunc_ln57 == 3)> <Delay = 0.00>


============================================================
+ Verbose Summary: Timing violations
============================================================
Target clock period: 10.000ns, clock uncertainty: 1.000ns.

 <State 1>: 1.610ns
The critical path consists of the following:
	'alloca' operation 62 bit ('indvar_flatten7') [10]  (0.000 ns)
	'store' operation 0 bit ('store_ln0') of constant 0 on local variable 'indvar_flatten7' [18]  (1.610 ns)

 <State 2>: 5.118ns
The critical path consists of the following:
	'load' operation 62 bit ('indvar_flatten7_load', gp.cpp:56) on local variable 'indvar_flatten7' [24]  (0.000 ns)
	'icmp' operation 1 bit ('icmp_ln56', gp.cpp:56) [27]  (3.508 ns)
	'store' operation 0 bit ('store_ln56', gp.cpp:56) of variable 'add_ln56_1', gp.cpp:56 on local variable 'indvar_flatten7' [64]  (1.610 ns)

 <State 3>: 8.455ns
The critical path consists of the following:
	'load' operation 31 bit ('c', gp.cpp:57) on local variable 'c', gp.cpp:57 [23]  (0.000 ns)
	'icmp' operation 1 bit ('icmp_ln57', gp.cpp:57) [26]  (2.702 ns)
	'select' operation 31 bit ('select_ln56_1', gp.cpp:56) [35]  (0.944 ns)
	'shl' operation 31 bit ('shl_ln59_1', gp.cpp:59) [37]  (0.000 ns)
	'add' operation 31 bit ('add_ln59_1', gp.cpp:59) [38]  (2.667 ns)
	'add' operation 15 bit ('add_ln59', gp.cpp:59) [43]  (2.142 ns)

 <State 4>: 2.152ns
The critical path consists of the following:
	'getelementptr' operation 15 bit ('M_e_1_addr', gp.cpp:59) [46]  (0.000 ns)
	'store' operation 0 bit ('store_ln59', gp.cpp:59) of variable 'A_dram_read_1' on array 'M_e_1' [54]  (2.152 ns)


============================================================
+ Verbose Summary: Binding
============================================================
N/A
* FSMD analyzer results:
  - Output states:
 - Input state : 
  - Chain level:
	State 1
	State 2
	State 3
	State 4


============================================================
+ Verbose Summary: Datapath Resource usage 
============================================================
N/A
